Archive member included because of file (symbol)

/usr/bin/../lib/gcc/arm-none-eabi/4.9.3/../../../../arm-none-eabi/lib/armv7e-m/fpu/libm.a(lib_a-sf_atan.o)
                              bin/ledring12.o (atanf)
/usr/bin/../lib/gcc/arm-none-eabi/4.9.3/../../../../arm-none-eabi/lib/armv7e-m/fpu/libm.a(lib_a-sf_cos.o)
                              bin/stabilizer.o (cosf)
/usr/bin/../lib/gcc/arm-none-eabi/4.9.3/../../../../arm-none-eabi/lib/armv7e-m/fpu/libm.a(lib_a-sf_fabs.o)
                              /usr/bin/../lib/gcc/arm-none-eabi/4.9.3/../../../../arm-none-eabi/lib/armv7e-m/fpu/libm.a(lib_a-sf_atan.o) (fabsf)
/usr/bin/../lib/gcc/arm-none-eabi/4.9.3/../../../../arm-none-eabi/lib/armv7e-m/fpu/libm.a(lib_a-sf_sin.o)
                              bin/stabilizer.o (sinf)
/usr/bin/../lib/gcc/arm-none-eabi/4.9.3/../../../../arm-none-eabi/lib/armv7e-m/fpu/libm.a(lib_a-sf_tan.o)
                              bin/imu_cf2.o (tanf)
/usr/bin/../lib/gcc/arm-none-eabi/4.9.3/../../../../arm-none-eabi/lib/armv7e-m/fpu/libm.a(lib_a-wf_asin.o)
                              bin/sensfusion6.o (asinf)
/usr/bin/../lib/gcc/arm-none-eabi/4.9.3/../../../../arm-none-eabi/lib/armv7e-m/fpu/libm.a(lib_a-wf_atan2.o)
                              bin/sensfusion6.o (atan2f)
/usr/bin/../lib/gcc/arm-none-eabi/4.9.3/../../../../arm-none-eabi/lib/armv7e-m/fpu/libm.a(lib_a-wf_pow.o)
                              bin/lps25h.o (powf)
/usr/bin/../lib/gcc/arm-none-eabi/4.9.3/../../../../arm-none-eabi/lib/armv7e-m/fpu/libm.a(lib_a-ef_asin.o)
                              /usr/bin/../lib/gcc/arm-none-eabi/4.9.3/../../../../arm-none-eabi/lib/armv7e-m/fpu/libm.a(lib_a-wf_asin.o) (__ieee754_asinf)
/usr/bin/../lib/gcc/arm-none-eabi/4.9.3/../../../../arm-none-eabi/lib/armv7e-m/fpu/libm.a(lib_a-ef_atan2.o)
                              /usr/bin/../lib/gcc/arm-none-eabi/4.9.3/../../../../arm-none-eabi/lib/armv7e-m/fpu/libm.a(lib_a-wf_atan2.o) (__ieee754_atan2f)
/usr/bin/../lib/gcc/arm-none-eabi/4.9.3/../../../../arm-none-eabi/lib/armv7e-m/fpu/libm.a(lib_a-ef_pow.o)
                              /usr/bin/../lib/gcc/arm-none-eabi/4.9.3/../../../../arm-none-eabi/lib/armv7e-m/fpu/libm.a(lib_a-wf_pow.o) (__ieee754_powf)
/usr/bin/../lib/gcc/arm-none-eabi/4.9.3/../../../../arm-none-eabi/lib/armv7e-m/fpu/libm.a(lib_a-ef_rem_pio2.o)
                              /usr/bin/../lib/gcc/arm-none-eabi/4.9.3/../../../../arm-none-eabi/lib/armv7e-m/fpu/libm.a(lib_a-sf_cos.o) (__ieee754_rem_pio2f)
/usr/bin/../lib/gcc/arm-none-eabi/4.9.3/../../../../arm-none-eabi/lib/armv7e-m/fpu/libm.a(lib_a-ef_sqrt.o)
                              /usr/bin/../lib/gcc/arm-none-eabi/4.9.3/../../../../arm-none-eabi/lib/armv7e-m/fpu/libm.a(lib_a-ef_asin.o) (__ieee754_sqrtf)
/usr/bin/../lib/gcc/arm-none-eabi/4.9.3/../../../../arm-none-eabi/lib/armv7e-m/fpu/libm.a(lib_a-kf_cos.o)
                              /usr/bin/../lib/gcc/arm-none-eabi/4.9.3/../../../../arm-none-eabi/lib/armv7e-m/fpu/libm.a(lib_a-sf_cos.o) (__kernel_cosf)
/usr/bin/../lib/gcc/arm-none-eabi/4.9.3/../../../../arm-none-eabi/lib/armv7e-m/fpu/libm.a(lib_a-kf_rem_pio2.o)
                              /usr/bin/../lib/gcc/arm-none-eabi/4.9.3/../../../../arm-none-eabi/lib/armv7e-m/fpu/libm.a(lib_a-ef_rem_pio2.o) (__kernel_rem_pio2f)
/usr/bin/../lib/gcc/arm-none-eabi/4.9.3/../../../../arm-none-eabi/lib/armv7e-m/fpu/libm.a(lib_a-kf_sin.o)
                              /usr/bin/../lib/gcc/arm-none-eabi/4.9.3/../../../../arm-none-eabi/lib/armv7e-m/fpu/libm.a(lib_a-sf_cos.o) (__kernel_sinf)
/usr/bin/../lib/gcc/arm-none-eabi/4.9.3/../../../../arm-none-eabi/lib/armv7e-m/fpu/libm.a(lib_a-kf_tan.o)
                              /usr/bin/../lib/gcc/arm-none-eabi/4.9.3/../../../../arm-none-eabi/lib/armv7e-m/fpu/libm.a(lib_a-sf_tan.o) (__kernel_tanf)
/usr/bin/../lib/gcc/arm-none-eabi/4.9.3/../../../../arm-none-eabi/lib/armv7e-m/fpu/libm.a(lib_a-s_lib_ver.o)
                              /usr/bin/../lib/gcc/arm-none-eabi/4.9.3/../../../../arm-none-eabi/lib/armv7e-m/fpu/libm.a(lib_a-wf_asin.o) (__fdlib_version)
/usr/bin/../lib/gcc/arm-none-eabi/4.9.3/../../../../arm-none-eabi/lib/armv7e-m/fpu/libm.a(lib_a-s_matherr.o)
                              /usr/bin/../lib/gcc/arm-none-eabi/4.9.3/../../../../arm-none-eabi/lib/armv7e-m/fpu/libm.a(lib_a-wf_asin.o) (matherr)
/usr/bin/../lib/gcc/arm-none-eabi/4.9.3/../../../../arm-none-eabi/lib/armv7e-m/fpu/libm.a(lib_a-s_nan.o)
                              /usr/bin/../lib/gcc/arm-none-eabi/4.9.3/../../../../arm-none-eabi/lib/armv7e-m/fpu/libm.a(lib_a-wf_asin.o) (nan)
/usr/bin/../lib/gcc/arm-none-eabi/4.9.3/../../../../arm-none-eabi/lib/armv7e-m/fpu/libm.a(lib_a-s_rint.o)
                              /usr/bin/../lib/gcc/arm-none-eabi/4.9.3/../../../../arm-none-eabi/lib/armv7e-m/fpu/libm.a(lib_a-wf_pow.o) (rint)
/usr/bin/../lib/gcc/arm-none-eabi/4.9.3/../../../../arm-none-eabi/lib/armv7e-m/fpu/libm.a(lib_a-sf_finite.o)
[...]
Memory Configuration

Name             Origin             Length             Attributes
RAM              0x20000000         0x00020000         xrw
FLASH            0x08004000         0x000fc000         xr
FLASHPATCH       0x00000000         0x00000000         r
ENDFLASH         0x00000000         0x00000000         xr
FLASHB1          0x00000000         0x00000000         xr
EXTMEMB0         0x00000000         0x00000000         xr
EXTMEMB1         0x00000000         0x00000000         xr
EXTMEMB2         0x00000000         0x00000000         xr
EXTMEMB3         0x00000000         0x00000000         xr
*default*        0x00000000         0xffffffff

Linker script and memory map

LOAD /usr/bin/../lib/gcc/arm-none-eabi/4.9.3/armv7e-m/fpu/crti.o
LOAD /usr/bin/../lib/gcc/arm-none-eabi/4.9.3/armv7e-m/fpu/crtbegin.o
LOAD /usr/bin/../lib/gcc/arm-none-eabi/4.9.3/../../../../arm-none-eabi/lib/armv7e-m/fpu/crt0.o
LOAD bin/list.o
LOAD bin/tasks.o
LOAD bin/queue.o
LOAD bin/timers.o
LOAD bin/heap_4.o
LOAD bin/port.o
LOAD bin/stm32f4xx_adc.o
LOAD bin/stm32f4xx_dbgmcu.o
LOAD bin/stm32f4xx_dma.o
LOAD bin/stm32f4xx_exti.o
LOAD bin/stm32f4xx_flash.o
LOAD bin/stm32f4xx_gpio.o
LOAD bin/stm32f4xx_i2c.o
LOAD bin/stm32f4xx_iwdg.o
LOAD bin/stm32f4xx_rcc.o
LOAD bin/stm32f4xx_spi.o
LOAD bin/stm32f4xx_tim.o
LOAD bin/stm32f4xx_usart.o
LOAD bin/stm32f4xx_misc.o
LOAD bin/stm32f4xx_syscfg.o
LOAD bin/main.o
LOAD bin/exti.o
LOAD bin/nvic.o
LOAD bin/motors.o
LOAD bin/crtp.o
LOAD bin/ledseq.o
LOAD bin/freeRTOSdebug.o
LOAD bin/system.o
LOAD bin/comm.o
LOAD bin/console.o
LOAD bin/pid.o
LOAD bin/crtpservice.o
LOAD bin/param.o
LOAD bin/mem.o
LOAD bin/commander.o
LOAD bin/controller.o
LOAD bin/sensfusion6.o
LOAD bin/stabilizer.o
LOAD bin/log.o
LOAD bin/worker.o
LOAD bin/trigger.o
LOAD bin/sitaw.o
LOAD bin/filter.o
LOAD bin/cpuid.o
LOAD bin/cfassert.o
LOAD bin/eprintf.o
LOAD bin/crc.o
LOAD bin/fp16.o
LOAD bin/debug.o
LOAD bin/version.o
LOAD bin/startup_stm32f40xx.o
LOAD bin/system_stm32f4xx.o
LOAD bin/cpal_hal.o
LOAD bin/cpal_i2c.o
LOAD bin/cpal_usercallback_template.o
LOAD bin/cpal_i2c_hal_stm32f4xx.o
LOAD bin/usb_core.o
LOAD bin/usb_dcd_int.o
LOAD bin/usb_dcd.o
LOAD bin/usbd_ioreq.o
LOAD bin/usbd_req.o
LOAD bin/usbd_core.o
LOAD bin/platform_cf2.o
LOAD bin/led_f405.o
LOAD bin/mpu6500.o
LOAD bin/i2cdev_f405.o
LOAD bin/ws2812_cf2.o
LOAD bin/lps25h.o
LOAD bin/ak8963.o
LOAD bin/eeprom.o
LOAD bin/maxsonar.o
LOAD bin/piezo.o
LOAD bin/mb.o
LOAD bin/uart_syslink.o
LOAD bin/swd.o
LOAD bin/uart1.o
LOAD bin/uart2.o
LOAD bin/watchdog.o
LOAD bin/usb_bsp.o
LOAD bin/usblink.o
LOAD bin/usbd_desc.o
LOAD bin/usb.o
LOAD bin/imu_cf2.o
LOAD bin/pm_f405.o
LOAD bin/syslink.o
LOAD bin/radiolink.o
LOAD bin/ow_syslink.o
LOAD bin/proximity.o
LOAD bin/platformservice.o
LOAD bin/deck.o
LOAD bin/deck_info.o
LOAD bin/deck_drivers.o
LOAD bin/deck_constants.o
LOAD bin/deck_digital.o
LOAD bin/deck_analog.o
LOAD bin/buzzer.o
LOAD bin/bigquad.o
LOAD bin/exptest.o
LOAD bin/ledring12.o
LOAD bin/configblockeeprom.o
LOAD /usr/bin/../lib/gcc/arm-none-eabi/4.9.3/../../../../arm-none-eabi/lib/armv7e-m/fpu/libm.a
START GROUP
LOAD /usr/bin/../lib/gcc/arm-none-eabi/4.9.3/armv7e-m/fpu/libgcc.a
LOAD /usr/bin/../lib/gcc/arm-none-eabi/4.9.3/../../../../arm-none-eabi/lib/armv7e-m/fpu/libc_nano.a
END GROUP
START GROUP
LOAD /usr/bin/../lib/gcc/arm-none-eabi/4.9.3/armv7e-m/fpu/libgcc.a
LOAD /usr/bin/../lib/gcc/arm-none-eabi/4.9.3/../../../../arm-none-eabi/lib/armv7e-m/fpu/libc_nano.a
END GROUP
LOAD /usr/bin/../lib/gcc/arm-none-eabi/4.9.3/armv7e-m/fpu/crtend.o
LOAD /usr/bin/../lib/gcc/arm-none-eabi/4.9.3/armv7e-m/fpu/crtn.o
                0x00000400                __Stack_Size = 0x400
                0x00000400                PROVIDE (_Stack_Size, __Stack_Size)
                0x2001fbff                __Stack_Init = (_estack - __Stack_Size)
                0x2001fbff                PROVIDE (_Stack_Init, __Stack_Init)
                0x00000100                _Minimum_Stack_Size = 0x100
                0x00000000                PROVIDE (Undefined_Handler, 0x0)
                0x00000000                PROVIDE (SWI_Handler, 0x0)
                0x00000000                PROVIDE (IRQ_Handler, 0x0)
                0x00000000                PROVIDE (Prefetch_Handler, 0x0)
                0x00000000                PROVIDE (Abort_Handler, 0x0)
                0x00000000                PROVIDE (FIQ_Handler, 0x0)
                0x00000000                PROVIDE (NMIException, 0x0)
                0x00000000                PROVIDE (NMI_Handler, 0x0)
                0x00000000                PROVIDE (HardFaultException, 0x0)
                0x00000000                PROVIDE (HardFault_Handler, 0x0)
                0x00000000                PROVIDE (MemManageException, 0x0)
                0x00000000                PROVIDE (MemManage_Handler, 0x0)
                0x00000000                PROVIDE (BusFaultException, 0x0)
                0x00000000                PROVIDE (BusFault_Handler, 0x0)
                0x00000000                PROVIDE (UsageFaultException, 0x0)
                0x00000000                PROVIDE (UsageFault_Handler, 0x0)
                0x00000000                PROVIDE (SVCHandler, 0x0)
                0x00000000                PROVIDE (SVC_Handler, 0x0)
                0x00000000                PROVIDE (DebugMonitor, 0x0)
                0x00000000                PROVIDE (DebugMon_Handler, 0x0)
                0x00000000                PROVIDE (PendSVC, 0x0)
                0x00000000                PROVIDE (PendSV_Handler, 0x0)
                0x00000000                PROVIDE (SysTickHandler, 0x0)
                0x00000000                PROVIDE (SysTick_Handler, 0x0)
                0x00000000                PROVIDE (WWDG_IRQHandler, 0x0)
                0x00000000                PROVIDE (PVD_IRQHandler, 0x0)
                0x00000000                PROVIDE (TAMPER_IRQHandler, 0x0)
                0x00000000                PROVIDE (RTC_IRQHandler, 0x0)
                0x00000000                PROVIDE (FLASH_IRQHandler, 0x0)
                0x00000000                PROVIDE (RCC_IRQHandler, 0x0)
                0x00000000                PROVIDE (EXTI0_IRQHandler, 0x0)
                0x00000000                PROVIDE (EXTI1_IRQHandler, 0x0)
                0x00000000                PROVIDE (EXTI2_IRQHandler, 0x0)
                0x00000000                PROVIDE (EXTI3_IRQHandler, 0x0)
                0x00000000                PROVIDE (EXTI4_IRQHandler, 0x0)
                0x00000000                PROVIDE (DMAChannel1_IRQHandler, 0x0)
                0x00000000                PROVIDE (DMAChannel2_IRQHandler, 0x0)
                0x00000000                PROVIDE (DMAChannel3_IRQHandler, 0x0)
                0x00000000                PROVIDE (DMAChannel4_IRQHandler, 0x0)
                0x00000000                PROVIDE (DMAChannel5_IRQHandler, 0x0)
                0x00000000                PROVIDE (DMAChannel6_IRQHandler, 0x0)
                0x00000000                PROVIDE (DMAChannel7_IRQHandler, 0x0)
                0x00000000                PROVIDE (DMA1_Channel1_IRQHandler, 0x0)
                0x00000000                PROVIDE (DMA1_Channel2_IRQHandler, 0x0)
                0x00000000                PROVIDE (DMA1_Channel3_IRQHandler, 0x0)
                0x00000000                PROVIDE (DMA1_Channel4_IRQHandler, 0x0)
                0x00000000                PROVIDE (DMA1_Channel5_IRQHandler, 0x0)
                0x00000000                PROVIDE (DMA1_Channel6_IRQHandler, 0x0)
                0x00000000                PROVIDE (DMA1_Channel7_IRQHandler, 0x0)
                0x00000000                PROVIDE (ADC_IRQHandler, 0x0)
                0x00000000                PROVIDE (ADC1_2_IRQHandler, 0x0)
                0x00000000                PROVIDE (USB_HP_CAN_TX_IRQHandler, 0x0)
                0x00000000                PROVIDE (USB_HP_CAN1_TX_IRQHandler, 0x0)
                0x00000000                PROVIDE (USB_LP_CAN_RX0_IRQHandler, 0x0)
                0x00000000                PROVIDE (USB_LP_CAN1_RX0_IRQHandler, 0x0)
                0x00000000                PROVIDE (CAN_RX1_IRQHandler, 0x0)
                0x00000000                PROVIDE (CAN1_RX1_IRQHandler, 0x0)
                0x00000000                PROVIDE (CAN_SCE_IRQHandler, 0x0)
                0x00000000                PROVIDE (CAN1_SCE_IRQHandler, 0x0)
                0x00000000                PROVIDE (EXTI9_5_IRQHandler, 0x0)
                0x00000000                PROVIDE (TIM1_BRK_IRQHandler, 0x0)
                0x00000000                PROVIDE (TIM1_UP_IRQHandler, 0x0)
                0x00000000                PROVIDE (TIM1_TRG_COM_IRQHandler, 0x0)
                0x00000000                PROVIDE (TIM1_CC_IRQHandler, 0x0)
                0x00000000                PROVIDE (TIM2_IRQHandler, 0x0)
                0x00000000                PROVIDE (TIM3_IRQHandler, 0x0)
                0x00000000                PROVIDE (TIM4_IRQHandler, 0x0)
                0x00000000                PROVIDE (I2C1_EV_IRQHandler, 0x0)
                0x00000000                PROVIDE (I2C1_ER_IRQHandler, 0x0)
                0x00000000                PROVIDE (I2C2_EV_IRQHandler, 0x0)
                0x00000000                PROVIDE (I2C2_ER_IRQHandler, 0x0)
                0x00000000                PROVIDE (SPI1_IRQHandler, 0x0)
                0x00000000                PROVIDE (SPI2_IRQHandler, 0x0)
                0x00000000                PROVIDE (USART1_IRQHandler, 0x0)
                0x00000000                PROVIDE (USART2_IRQHandler, 0x0)
                0x00000000                PROVIDE (USART3_IRQHandler, 0x0)
                0x00000000                PROVIDE (EXTI15_10_IRQHandler, 0x0)
                0x00000000                PROVIDE (RTCAlarm_IRQHandler, 0x0)
                0x00000000                PROVIDE (USBWakeUp_IRQHandler, 0x0)
                0x00000000                PROVIDE (TIM8_BRK_IRQHandler, 0x0)
                0x00000000                PROVIDE (TIM8_UP_IRQHandler, 0x0)
                0x00000000                PROVIDE (TIM8_TRG_COM_IRQHandler, 0x0)
                0x00000000                PROVIDE (TIM8_CC_IRQHandler, 0x0)
                0x00000000                PROVIDE (ADC3_IRQHandler, 0x0)
                0x00000000                PROVIDE (FSMC_IRQHandler, 0x0)
                0x00000000                PROVIDE (SDIO_IRQHandler, 0x0)
                0x00000000                PROVIDE (TIM5_IRQHandler, 0x0)
                0x00000000                PROVIDE (SPI3_IRQHandler, 0x0)
                0x00000000                PROVIDE (UART4_IRQHandler, 0x0)
                0x00000000                PROVIDE (UART5_IRQHandler, 0x0)
                0x00000000                PROVIDE (TIM6_IRQHandler, 0x0)
                0x00000000                PROVIDE (TIM7_IRQHandler, 0x0)
                0x00000000                PROVIDE (DMA2_Channel1_IRQHandler, 0x0)
                0x00000000                PROVIDE (DMA2_Channel2_IRQHandler, 0x0)
                0x00000000                PROVIDE (DMA2_Channel3_IRQHandler, 0x0)
                0x00000000                PROVIDE (DMA2_Channel4_5_IRQHandler, 0x0)
                0x42000000                PERIPH_BB_BASE = 0x42000000
                0x22000000                SRAM_BB_BASE = 0x22000000
                0x20000000                SRAM_BASE = 0x20000000
                0x40000000                PERIPH_BASE = 0x40000000
                0x40022000                PROVIDE (FLASH_BASE, 0x40022000)
                0x1ffff800                PROVIDE (OB_BASE, 0x1ffff800)
                0x40000000                APB1PERIPH_BASE = PERIPH_BASE
                0x40010000                APB2PERIPH_BASE = (PERIPH_BASE + 0x10000)
                0x40020000                AHBPERIPH_BASE = (PERIPH_BASE + 0x20000)
                0x40000000                PROVIDE (TIM2, (APB1PERIPH_BASE + 0x0))
                0x40000400                PROVIDE (TIM3, (APB1PERIPH_BASE + 0x400))
                0x40000800                PROVIDE (TIM4, (APB1PERIPH_BASE + 0x800))
                0x40002800                PROVIDE (RTC, (APB1PERIPH_BASE + 0x2800))
                0x40002c00                PROVIDE (WWDG, (APB1PERIPH_BASE + 0x2c00))
                0x40003000                PROVIDE (IWDG, (APB1PERIPH_BASE + 0x3000))
                0x40003800                PROVIDE (SPI2, (APB1PERIPH_BASE + 0x3800))
                0x40004400                PROVIDE (USART2, (APB1PERIPH_BASE + 0x4400))
                0x40004800                PROVIDE (USART3, (APB1PERIPH_BASE + 0x4800))
                0x40005400                PROVIDE (I2C1, (APB1PERIPH_BASE + 0x5400))
                0x40005800                PROVIDE (I2C2, (APB1PERIPH_BASE + 0x5800))
                0x40006400                PROVIDE (CAN, (APB1PERIPH_BASE + 0x6400))
                0x40006c00                PROVIDE (BKP, (APB1PERIPH_BASE + 0x6c00))
                0x40007000                PROVIDE (PWR, (APB1PERIPH_BASE + 0x7000))
                0x40010000                PROVIDE (AFIO, (APB2PERIPH_BASE + 0x0))
                0x40010400                PROVIDE (EXTI, (APB2PERIPH_BASE + 0x400))
                0x40010800                PROVIDE (GPIOA, (APB2PERIPH_BASE + 0x800))
                0x40010c00                PROVIDE (GPIOB, (APB2PERIPH_BASE + 0xc00))
                0x40011000                PROVIDE (GPIOC, (APB2PERIPH_BASE + 0x1000))
                0x40011400                PROVIDE (GPIOD, (APB2PERIPH_BASE + 0x1400))
                0x40011800                PROVIDE (GPIOE, (APB2PERIPH_BASE + 0x1800))
                0x40012400                PROVIDE (ADC1, (APB2PERIPH_BASE + 0x2400))
                0x40012800                PROVIDE (ADC2, (APB2PERIPH_BASE + 0x2800))
                0x40012c00                PROVIDE (TIM1, (APB2PERIPH_BASE + 0x2c00))
                0x40013000                PROVIDE (SPI1, (APB2PERIPH_BASE + 0x3000))
                0x40013800                PROVIDE (USART1, (APB2PERIPH_BASE + 0x3800))
                0x40020000                PROVIDE (DMA, (AHBPERIPH_BASE + 0x0))
                0x40020008                PROVIDE (DMA_Channel1, (AHBPERIPH_BASE + 0x8))
                0x4002001c                PROVIDE (DMA_Channel2, (AHBPERIPH_BASE + 0x1c))
                0x40020030                PROVIDE (DMA_Channel3, (AHBPERIPH_BASE + 0x30))
                0x40020044                PROVIDE (DMA_Channel4, (AHBPERIPH_BASE + 0x44))
                0x40020058                PROVIDE (DMA_Channel5, (AHBPERIPH_BASE + 0x58))
                0x4002006c                PROVIDE (DMA_Channel6, (AHBPERIPH_BASE + 0x6c))
                0x40020080                PROVIDE (DMA_Channel7, (AHBPERIPH_BASE + 0x80))
                0x40021000                PROVIDE (RCC, (AHBPERIPH_BASE + 0x1000))
                0xe000e000                SCS_BASE = 0xe000e000
                0xe000e010                PROVIDE (SysTick, (SCS_BASE + 0x10))
                0xe000e100                PROVIDE (NVIC, (SCS_BASE + 0x100))
                0xe000ed00                PROVIDE (SCB, (SCS_BASE + 0xd00))
                0x2001ffff                _estack = 0x2001ffff

.isr_vector     0x08004000      0x188
                0x08004000                . = ALIGN (0x4)
 *(.isr_vector)
 .isr_vector    0x08004000      0x188 bin/startup_stm32f40xx.o
                0x08004000                g_pfnVectors
                0x08004188                . = ALIGN (0x4)

.flashtext      0x08004188        0x0
                0x08004188                . = ALIGN (0x4)
 *(.flashtext)
                0x08004188                . = ALIGN (0x4)

.text           0x08004188    0x123c0
                0x08004188                . = ALIGN (0x4)
 *(.text)
 .text          0x08004188      0x370 /usr/bin/../lib/gcc/arm-none-eabi/4.9.3/armv7e-m/fpu/libgcc.a(_arm_addsubdf3.o)
                0x08004188                __aeabi_drsub
                0x08004190                __aeabi_dsub
                0x08004190                __subdf3
                0x08004194                __adddf3
                0x08004194                __aeabi_dadd
                0x0800440c                __aeabi_ui2d
                0x0800440c                __floatunsidf
                0x0800442c                __floatsidf
                0x0800442c                __aeabi_i2d
                0x08004450                __extendsfdf2
                0x08004450                __aeabi_f2d
                0x0800448c                __aeabi_ul2d
                0x0800448c                __floatundidf
                0x0800449c                __floatdidf
                0x0800449c                __aeabi_l2d
 .text          0x080044f8      0x424 /usr/bin/../lib/gcc/arm-none-eabi/4.9.3/armv7e-m/fpu/libgcc.a(_arm_muldivdf3.o)
                0x080044f8                __aeabi_dmul
                0x080044f8                __muldf3
                0x0800474c                __aeabi_ddiv
                0x0800474c                __divdf3
 .text          0x0800491c      0x110 /usr/bin/../lib/gcc/arm-none-eabi/4.9.3/armv7e-m/fpu/libgcc.a(_arm_cmpdf2.o)
                0x0800491c                __gtdf2
                0x0800491c                __gedf2
                0x08004924                __ltdf2
                0x08004924                __ledf2
                0x0800492c                __cmpdf2
                0x0800492c                __eqdf2
                0x0800492c                __nedf2
                0x080049a8                __aeabi_cdrcmple
                0x080049b8                __aeabi_cdcmple
                0x080049b8                __aeabi_cdcmpeq
                0x080049c8                __aeabi_dcmpeq
                0x080049dc                __aeabi_dcmplt
                0x080049f0                __aeabi_dcmple
                0x08004a04                __aeabi_dcmpge
                0x08004a18                __aeabi_dcmpgt
 .text          0x08004a2c       0xa0 /usr/bin/../lib/gcc/arm-none-eabi/4.9.3/armv7e-m/fpu/libgcc.a(_arm_truncdfsf2.o)
                0x08004a2c                __aeabi_d2f
                0x08004a2c                __truncdfsf2
 .text          0x08004acc       0x38 /usr/bin/../lib/gcc/arm-none-eabi/4.9.3/armv7e-m/fpu/libgcc.a(_aeabi_ldivmod.o)
                0x08004acc                __aeabi_ldivmod
 .text          0x08004b04       0x60 /usr/bin/../lib/gcc/arm-none-eabi/4.9.3/armv7e-m/fpu/libgcc.a(bpabi.o)
                0x08004b04                __gnu_ldivmod_helper
                0x08004b34                __gnu_uldivmod_helper
 .text          0x08004b64        0x4 /usr/bin/../lib/gcc/arm-none-eabi/4.9.3/armv7e-m/fpu/libgcc.a(_dvmd_tls.o)
                0x08004b64                __aeabi_ldiv0
                0x08004b64                __aeabi_idiv0
 .text          0x08004b68      0x29c /usr/bin/../lib/gcc/arm-none-eabi/4.9.3/armv7e-m/fpu/libgcc.a(_divdi3.o)
                0x08004b68                __divdi3
 .text          0x08004e04      0x26c /usr/bin/../lib/gcc/arm-none-eabi/4.9.3/armv7e-m/fpu/libgcc.a(_udivdi3.o)
                0x08004e04                __udivdi3
 .text          0x08005070       0x14 /usr/bin/../lib/gcc/arm-none-eabi/4.9.3/../../../../arm-none-eabi/lib/armv7e-m/fpu/libc_nano.a(lib_a-strcmp.o)
                0x08005070                strcmp
 *(.text.*)
 .text.vListInitialise
                0x08005084       0x16 bin/list.o
                0x08005084                vListInitialise
 .text.vListInitialiseItem
                0x0800509a        0x6 bin/list.o
                0x0800509a                vListInitialiseItem
 .text.vListInsertEnd
                0x080050a0       0x1c bin/list.o
                0x080050a0                vListInsertEnd
 .text.vListInsert
                0x080050bc       0x30 bin/list.o
                0x080050bc                vListInsert
 .text.uxListRemove
                0x080050ec       0x26 bin/list.o
                0x080050ec                uxListRemove
 .text.prvIdleTask
                0x08005112        0x8 bin/tasks.o
 *fill*         0x0800511a        0x2 
 .text.prvAddCurrentTaskToDelayedList
                0x0800511c       0x50 bin/tasks.o
 .text.debugPrintTCBInfo
                0x0800516c       0x44 bin/tasks.o
                0x0800516c                debugPrintTCBInfo
 .text.xTaskGenericCreate
                0x080051b0      0x204 bin/tasks.o
                0x080051b0                xTaskGenericCreate
 .text.vTaskStartScheduler
                0x080053b4       0x70 bin/tasks.o
                0x080053b4                vTaskStartScheduler
 .text.vTaskSuspendAll
                0x08005424       0x10 bin/tasks.o
                0x08005424                vTaskSuspendAll
 .text.xTaskGetTickCount
                0x08005434       0x18 bin/tasks.o
                0x08005434                xTaskGetTickCount
 .text.vTaskIncrementTick
                0x0800544c       0xe8 bin/tasks.o
                0x0800544c                vTaskIncrementTick
 .text.xTaskResumeAll
                0x08005534       0xd8 bin/tasks.o
                0x08005534                xTaskResumeAll
 .text.vTaskDelayUntil
                0x0800560c       0x88 bin/tasks.o
                0x0800560c                vTaskDelayUntil
 .text.vTaskDelay
                0x08005694       0x3c bin/tasks.o
                0x08005694                vTaskDelay
 .text.vTaskSetApplicationTaskTag
                0x080056d0       0x20 bin/tasks.o
                0x080056d0                vTaskSetApplicationTaskTag
 .text.vTaskSwitchContext
                0x080056f0       0x9c bin/tasks.o
                0x080056f0                vTaskSwitchContext
 .text.vTaskPlaceOnEventList
                0x0800578c       0x48 bin/tasks.o
                0x0800578c                vTaskPlaceOnEventList
 .text.vTaskPlaceOnEventListRestricted
                0x080057d4       0x48 bin/tasks.o
                0x080057d4                vTaskPlaceOnEventListRestricted
 .text.xTaskRemoveFromEventList
                0x0800581c       0x78 bin/tasks.o
                0x0800581c                xTaskRemoveFromEventList
 .text.vTaskSetTimeOutState
                0x08005894       0x30 bin/tasks.o
                0x08005894                vTaskSetTimeOutState
 .text.xTaskCheckForTimeOut
                0x080058c4       0x78 bin/tasks.o
                0x080058c4                xTaskCheckForTimeOut
 .text.vTaskMissedYield
                0x0800593c        0xc bin/tasks.o
                0x0800593c                vTaskMissedYield
 .text.xTaskGetCurrentTaskHandle
                0x08005948        0xc bin/tasks.o
                0x08005948                xTaskGetCurrentTaskHandle
 .text.xTaskGetSchedulerState
                0x08005954       0x1c bin/tasks.o
                0x08005954                xTaskGetSchedulerState
 .text.vTaskPriorityInherit
                0x08005970       0x68 bin/tasks.o
                0x08005970                vTaskPriorityInherit
 .text.vTaskPriorityDisinherit
                0x080059d8       0x48 bin/tasks.o
                0x080059d8                vTaskPriorityDisinherit
 .text.prvCopyDataToQueue
                0x08005a20       0x58 bin/queue.o
 .text.prvCopyDataFromQueue
                0x08005a78       0x26 bin/queue.o
 .text.prvUnlockQueue
                0x08005a9e       0x64 bin/queue.o
 *fill*         0x08005b02        0x2 
 .text.xQueueGenericReset
                0x08005b04       0x70 bin/queue.o
                0x08005b04                xQueueGenericReset
 .text.xQueueGenericCreate
                0x08005b74       0x50 bin/queue.o
                0x08005b74                xQueueGenericCreate
 .text.xQueueGenericSend
                0x08005bc4      0x100 bin/queue.o
                0x08005bc4                xQueueGenericSend
 .text.xQueueCreateMutex
                0x08005cc4       0x5c bin/queue.o
                0x08005cc4                xQueueCreateMutex
 .text.xQueueGenericSendFromISR
                0x08005d20       0x88 bin/queue.o
                0x08005d20                xQueueGenericSendFromISR
 .text.xQueueGenericReceive
                0x08005da8      0x134 bin/queue.o
                0x08005da8                xQueueGenericReceive
 .text.xQueueReceiveFromISR
                0x08005edc       0x84 bin/queue.o
                0x08005edc                xQueueReceiveFromISR
 .text.uxQueueMessagesWaiting
                0x08005f60       0x28 bin/queue.o
                0x08005f60                uxQueueMessagesWaiting
 .text.vQueueWaitForMessageRestricted
                0x08005f88       0x3a bin/queue.o
                0x08005f88                vQueueWaitForMessageRestricted
 *fill*         0x08005fc2        0x2 
 .text.prvCheckForValidListAndQueue
                0x08005fc4       0x4c bin/timers.o
 .text.prvInsertTimerInActiveList
                0x08006010       0x3c bin/timers.o
 .text.xTimerCreateTimerTask
                0x0800604c       0x50 bin/timers.o
                0x0800604c                xTimerCreateTimerTask
 .text.xTimerCreate
                0x0800609c       0x4c bin/timers.o
                0x0800609c                xTimerCreate
 .text.xTimerGenericCommand
                0x080060e8       0x44 bin/timers.o
                0x080060e8                xTimerGenericCommand
 .text.prvSwitchTimerLists.isra.1
                0x0800612c       0x78 bin/timers.o
 .text.prvTimerTask
                0x080061a4      0x17c bin/timers.o
 .text.pvTimerGetTimerID
                0x08006320        0x4 bin/timers.o
                0x08006320                pvTimerGetTimerID
 .text.prvInsertBlockIntoFreeList
                0x08006324       0x4c bin/heap_4.o
 .text.pvPortMalloc
                0x08006370       0xb4 bin/heap_4.o
                0x08006370                pvPortMalloc
 .text.vPortFree
                0x08006424       0x2c bin/heap_4.o
                0x08006424                vPortFree
 .text.xPortGetFreeHeapSize
                0x08006450        0xc bin/heap_4.o
                0x08006450                xPortGetFreeHeapSize
 .text.prvPortStartFirstTask
                0x0800645c       0x14 bin/port.o
 .text.vPortEnableVFP
                0x08006470       0x14 bin/port.o
 .text.pxPortInitialiseStack
                0x08006484       0x1e bin/port.o
                0x08006484                pxPortInitialiseStack
 *fill*         0x080064a2        0x2 
 .text.SVC_Handler
                0x080064a4       0x1c bin/port.o
                0x080064a4                SVC_Handler
 .text.vPortYieldFromISR
                0x080064c0       0x10 bin/port.o
                0x080064c0                vPortYieldFromISR
 .text.ulPortSetInterruptMask
                0x080064d0       0x10 bin/port.o
                0x080064d0                ulPortSetInterruptMask
 .text.vPortEnterCritical
                0x080064e0       0x14 bin/port.o
                0x080064e0                vPortEnterCritical
 .text.vPortClearInterruptMask
                0x080064f4        0x6 bin/port.o
                0x080064f4                vPortClearInterruptMask
 *fill*         0x080064fa        0x2 
 .text.vPortExitCritical
                0x080064fc       0x14 bin/port.o
                0x080064fc                vPortExitCritical
 .text.PendSV_Handler
                0x08006510       0x50 bin/port.o
                0x08006510                PendSV_Handler
 .text.tickFreeRTOS
                0x08006560       0x20 bin/port.o
                0x08006560                tickFreeRTOS
 .text.vPortSetupTimerInterrupt
                0x08006580       0x18 bin/port.o
                0x08006580                vPortSetupTimerInterrupt
 .text.xPortStartScheduler
                0x08006598       0x40 bin/port.o
                0x08006598                xPortStartScheduler
 .text.ADC_DeInit
                0x080065d8       0x1a bin/stm32f4xx_adc.o
                0x080065d8                ADC_DeInit
 *fill*         0x080065f2        0x2 
 .text.ADC_Init
                0x080065f4       0x4c bin/stm32f4xx_adc.o
                0x080065f4                ADC_Init
 .text.ADC_StructInit
                0x08006640       0x14 bin/stm32f4xx_adc.o
                0x08006640                ADC_StructInit
 .text.ADC_CommonInit
                0x08006654       0x28 bin/stm32f4xx_adc.o
                0x08006654                ADC_CommonInit
 .text.ADC_CommonStructInit
                0x0800667c        0xc bin/stm32f4xx_adc.o
                0x0800667c                ADC_CommonStructInit
 .text.ADC_Cmd  0x08006688       0x12 bin/stm32f4xx_adc.o
                0x08006688                ADC_Cmd
 .text.ADC_RegularChannelConfig
                0x0800669a       0x84 bin/stm32f4xx_adc.o
                0x0800669a                ADC_RegularChannelConfig
 .text.ADC_SoftwareStartConv
                0x0800671e        0xa bin/stm32f4xx_adc.o
                0x0800671e                ADC_SoftwareStartConv
 .text.ADC_GetConversionValue
                0x08006728        0x6 bin/stm32f4xx_adc.o
                0x08006728                ADC_GetConversionValue
 .text.ADC_GetFlagStatus
                0x0800672e        0xc bin/stm32f4xx_adc.o
                0x0800672e                ADC_GetFlagStatus
 *fill*         0x0800673a        0x2 
 .text.DBGMCU_APB2PeriphConfig
                0x0800673c       0x18 bin/stm32f4xx_dbgmcu.o
                0x0800673c                DBGMCU_APB2PeriphConfig
 .text.DMA_DeInit
                0x08006754      0x10c bin/stm32f4xx_dma.o
                0x08006754                DMA_DeInit
 .text.DMA_Init
                0x08006860       0x54 bin/stm32f4xx_dma.o
                0x08006860                DMA_Init
 .text.DMA_Cmd  0x080068b4       0x12 bin/stm32f4xx_dma.o
                0x080068b4                DMA_Cmd
 .text.DMA_SetCurrDataCounter
                0x080068c6        0x4 bin/stm32f4xx_dma.o
                0x080068c6                DMA_SetCurrDataCounter
 .text.DMA_GetCurrDataCounter
                0x080068ca        0x6 bin/stm32f4xx_dma.o
                0x080068ca                DMA_GetCurrDataCounter
 .text.DMA_GetCmdStatus
                0x080068d0        0x8 bin/stm32f4xx_dma.o
                0x080068d0                DMA_GetCmdStatus
 .text.DMA_ITConfig
                0x080068d8       0x3e bin/stm32f4xx_dma.o
                0x080068d8                DMA_ITConfig
 *fill*         0x08006916        0x2 
 .text.DMA_GetITStatus
                0x08006918       0x50 bin/stm32f4xx_dma.o
                0x08006918                DMA_GetITStatus
 .text.DMA_ClearITPendingBit
                0x08006968       0x30 bin/stm32f4xx_dma.o
                0x08006968                DMA_ClearITPendingBit
 .text.EXTI_Init
                0x08006998       0x88 bin/stm32f4xx_exti.o
                0x08006998                EXTI_Init
 .text.EXTI_ClearFlag
                0x08006a20        0xc bin/stm32f4xx_exti.o
                0x08006a20                EXTI_ClearFlag
 .text.EXTI_GetITStatus
                0x08006a2c       0x14 bin/stm32f4xx_exti.o
                0x08006a2c                EXTI_GetITStatus
 .text.EXTI_ClearITPendingBit
                0x08006a40        0xc bin/stm32f4xx_exti.o
                0x08006a40                EXTI_ClearITPendingBit
 .text.GPIO_Init
                0x08006a4c       0x6c bin/stm32f4xx_gpio.o
                0x08006a4c                GPIO_Init
 .text.GPIO_StructInit
                0x08006ab8       0x12 bin/stm32f4xx_gpio.o
                0x08006ab8                GPIO_StructInit
 .text.GPIO_ReadInputDataBit
                0x08006aca        0xc bin/stm32f4xx_gpio.o
                0x08006aca                GPIO_ReadInputDataBit
 .text.GPIO_SetBits
                0x08006ad6        0x4 bin/stm32f4xx_gpio.o
                0x08006ad6                GPIO_SetBits
 .text.GPIO_ResetBits
                0x08006ada        0x4 bin/stm32f4xx_gpio.o
                0x08006ada                GPIO_ResetBits
 .text.GPIO_PinAFConfig
                0x08006ade       0x24 bin/stm32f4xx_gpio.o
                0x08006ade                GPIO_PinAFConfig
 *fill*         0x08006b02        0x2 
 .text.I2C_Init
                0x08006b04       0xd4 bin/stm32f4xx_i2c.o
                0x08006b04                I2C_Init
 .text.IWDG_WriteAccessCmd
                0x08006bd8        0xc bin/stm32f4xx_iwdg.o
                0x08006bd8                IWDG_WriteAccessCmd
 .text.IWDG_SetPrescaler
                0x08006be4        0xc bin/stm32f4xx_iwdg.o
                0x08006be4                IWDG_SetPrescaler
 .text.IWDG_SetReload
                0x08006bf0        0xc bin/stm32f4xx_iwdg.o
                0x08006bf0                IWDG_SetReload
 .text.IWDG_ReloadCounter
                0x08006bfc       0x10 bin/stm32f4xx_iwdg.o
                0x08006bfc                IWDG_ReloadCounter
 .text.IWDG_Enable
                0x08006c0c       0x10 bin/stm32f4xx_iwdg.o
                0x08006c0c                IWDG_Enable
 .text.RCC_GetClocksFreq
                0x08006c1c       0x88 bin/stm32f4xx_rcc.o
                0x08006c1c                RCC_GetClocksFreq
 .text.RCC_AHB1PeriphClockCmd
                0x08006ca4       0x18 bin/stm32f4xx_rcc.o
                0x08006ca4                RCC_AHB1PeriphClockCmd
 .text.RCC_AHB2PeriphClockCmd
                0x08006cbc       0x18 bin/stm32f4xx_rcc.o
                0x08006cbc                RCC_AHB2PeriphClockCmd
 .text.RCC_APB1PeriphClockCmd
                0x08006cd4       0x18 bin/stm32f4xx_rcc.o
                0x08006cd4                RCC_APB1PeriphClockCmd
 .text.RCC_APB2PeriphClockCmd
                0x08006cec       0x18 bin/stm32f4xx_rcc.o
                0x08006cec                RCC_APB2PeriphClockCmd
 .text.RCC_APB1PeriphResetCmd
                0x08006d04       0x18 bin/stm32f4xx_rcc.o
                0x08006d04                RCC_APB1PeriphResetCmd
 .text.RCC_APB2PeriphResetCmd
                0x08006d1c       0x18 bin/stm32f4xx_rcc.o
                0x08006d1c                RCC_APB2PeriphResetCmd
 .text.RCC_GetFlagStatus
                0x08006d34       0x28 bin/stm32f4xx_rcc.o
                0x08006d34                RCC_GetFlagStatus
 .text.RCC_ClearFlag
                0x08006d5c       0x10 bin/stm32f4xx_rcc.o
                0x08006d5c                RCC_ClearFlag
 .text.TIM_DeInit
                0x08006d6c      0x154 bin/stm32f4xx_tim.o
                0x08006d6c                TIM_DeInit
 .text.TIM_TimeBaseInit
                0x08006ec0       0x7c bin/stm32f4xx_tim.o
                0x08006ec0                TIM_TimeBaseInit
 .text.TIM_TimeBaseStructInit
                0x08006f3c       0x12 bin/stm32f4xx_tim.o
                0x08006f3c                TIM_TimeBaseStructInit
 .text.TIM_PrescalerConfig
                0x08006f4e        0x6 bin/stm32f4xx_tim.o
                0x08006f4e                TIM_PrescalerConfig
 .text.TIM_Cmd  0x08006f54       0x18 bin/stm32f4xx_tim.o
                0x08006f54                TIM_Cmd
 .text.TIM_OC1Init
                0x08006f6c       0x70 bin/stm32f4xx_tim.o
                0x08006f6c                TIM_OC1Init
 .text.TIM_OC2Init
                0x08006fdc       0x88 bin/stm32f4xx_tim.o
                0x08006fdc                TIM_OC2Init
 .text.TIM_OC3Init
                0x08007064       0x84 bin/stm32f4xx_tim.o
                0x08007064                TIM_OC3Init
 .text.TIM_OC4Init
                0x080070e8       0x68 bin/stm32f4xx_tim.o
                0x080070e8                TIM_OC4Init
 .text.TIM_SetCompare1
                0x08007150        0x4 bin/stm32f4xx_tim.o
                0x08007150                TIM_SetCompare1
 .text.TIM_SetCompare2
                0x08007154        0x4 bin/stm32f4xx_tim.o
                0x08007154                TIM_SetCompare2
 .text.TIM_SetCompare3
                0x08007158        0x4 bin/stm32f4xx_tim.o
                0x08007158                TIM_SetCompare3
 .text.TIM_SetCompare4
                0x0800715c        0x4 bin/stm32f4xx_tim.o
                0x0800715c                TIM_SetCompare4
 .text.TIM_OC1PreloadConfig
                0x08007160       0x10 bin/stm32f4xx_tim.o
                0x08007160                TIM_OC1PreloadConfig
 .text.TIM_OC2PreloadConfig
                0x08007170       0x14 bin/stm32f4xx_tim.o
                0x08007170                TIM_OC2PreloadConfig
 .text.TIM_OC3PreloadConfig
                0x08007184       0x10 bin/stm32f4xx_tim.o
                0x08007184                TIM_OC3PreloadConfig
 .text.TIM_OC4PreloadConfig
                0x08007194       0x14 bin/stm32f4xx_tim.o
                0x08007194                TIM_OC4PreloadConfig
 .text.TIM_GetCapture1
                0x080071a8        0x4 bin/stm32f4xx_tim.o
                0x080071a8                TIM_GetCapture1
 .text.TIM_GetCapture2
                0x080071ac        0x4 bin/stm32f4xx_tim.o
                0x080071ac                TIM_GetCapture2
 .text.TIM_GetCapture3
                0x080071b0        0x4 bin/stm32f4xx_tim.o
                0x080071b0                TIM_GetCapture3
 .text.TIM_GetCapture4
                0x080071b4        0x4 bin/stm32f4xx_tim.o
                0x080071b4                TIM_GetCapture4
 .text.TIM_CtrlPWMOutputs
                0x080071b8       0x1c bin/stm32f4xx_tim.o
                0x080071b8                TIM_CtrlPWMOutputs
 .text.TIM_DMACmd
                0x080071d4       0x12 bin/stm32f4xx_tim.o
                0x080071d4                TIM_DMACmd
 *fill*         0x080071e6        0x2 
 .text.USART_Init
                0x080071e8       0xb4 bin/stm32f4xx_usart.o
                0x080071e8                USART_Init
 .text.USART_Cmd
                0x0800729c       0x18 bin/stm32f4xx_usart.o
                0x0800729c                USART_Cmd
 .text.USART_SendData
                0x080072b4        0x8 bin/stm32f4xx_usart.o
                0x080072b4                USART_SendData
 .text.USART_ReceiveData
                0x080072bc        0x8 bin/stm32f4xx_usart.o
                0x080072bc                USART_ReceiveData
 .text.USART_DMACmd
                0x080072c4       0x12 bin/stm32f4xx_usart.o
                0x080072c4                USART_DMACmd
 .text.USART_ITConfig
                0x080072d6       0x32 bin/stm32f4xx_usart.o
                0x080072d6                USART_ITConfig
 .text.USART_ClearFlag
                0x08007308        0x8 bin/stm32f4xx_usart.o
                0x08007308                USART_ClearFlag
 .text.USART_GetITStatus
                0x08007310       0x3e bin/stm32f4xx_usart.o
                0x08007310                USART_GetITStatus
 .text.USART_ClearITPendingBit
                0x0800734e        0xe bin/stm32f4xx_usart.o
                0x0800734e                USART_ClearITPendingBit
 .text.NVIC_PriorityGroupConfig
                0x0800735c       0x14 bin/stm32f4xx_misc.o
                0x0800735c                NVIC_PriorityGroupConfig
 .text.NVIC_Init
                0x08007370       0x6c bin/stm32f4xx_misc.o
                0x08007370                NVIC_Init
 .text.startup.main
                0x080073dc       0x24 bin/main.o
                0x080073dc                main
 .text.EXTI15_10_IRQHandler
                0x08007400       0x1c bin/exti.o
                0x08007400                EXTI15_10_IRQHandler
 .text.nvicInit
                0x0800741c        0x8 bin/nvic.o
                0x0800741c                nvicInit
 .text.SysTick_Handler
                0x08007424        0xe bin/nvic.o
                0x08007424                SysTick_Handler
 .text.NMI_Handler
                0x08007432        0x2 bin/nvic.o
                0x08007432                NMI_Handler
 .text.HardFault_Handler
                0x08007434       0x14 bin/nvic.o
                0x08007434                HardFault_Handler
 .text.printHardFault
                0x08007448      0x104 bin/nvic.o
                0x08007448                printHardFault
 .text.MemManage_Handler
                0x0800754c        0x2 bin/nvic.o
                0x0800754c                MemManage_Handler
 .text.BusFault_Handler
                0x0800754e        0x2 bin/nvic.o
                0x0800754e                BusFault_Handler
 .text.UsageFault_Handler
                0x08007550        0x2 bin/nvic.o
                0x08007550                UsageFault_Handler
 .text.DebugMon_Handler
                0x08007552        0x2 bin/nvic.o
                0x08007552                DebugMon_Handler
 .text.DMA1_Stream5_IRQHandler
                0x08007554        0x4 bin/nvic.o
                0x08007554                DMA1_Stream5_IRQHandler
 .text.motorsDeInit
                0x08007558       0x44 bin/motors.o
                0x08007558                motorsDeInit
 .text.motorsInit
                0x0800759c      0x10c bin/motors.o
                0x0800759c                motorsInit
 .text.motorsSetRatio
                0x080076a8      0x11c bin/motors.o
                0x080076a8                motorsSetRatio
 .text.motorsBeep
                0x080077c4       0x84 bin/motors.o
                0x080077c4                motorsBeep
 .text.motorsTest
                0x08007848       0x5c bin/motors.o
                0x08007848                motorsTest
 .text.nopFunc  0x080078a4        0x4 bin/crtp.o
 .text.crtpRxTask
                0x080078a8       0x60 bin/crtp.o
 .text.crtpTxTask
                0x08007908       0x48 bin/crtp.o
 .text.crtpInit
                0x08007950       0x74 bin/crtp.o
                0x08007950                crtpInit
 .text.crtpTest
                0x080079c4        0xc bin/crtp.o
                0x080079c4                crtpTest
 .text.crtpInitTaskQueue
                0x080079d0       0x34 bin/crtp.o
                0x080079d0                crtpInitTaskQueue
 .text.crtpReceivePacketBlock
                0x08007a04       0x4c bin/crtp.o
                0x08007a04                crtpReceivePacketBlock
 .text.crtpGetFreeTxQueuePackets
                0x08007a50       0x14 bin/crtp.o
                0x08007a50                crtpGetFreeTxQueuePackets
 .text.crtpRegisterPortCB
                0x08007a64       0x10 bin/crtp.o
                0x08007a64                crtpRegisterPortCB
 .text.crtpSendPacket
                0x08007a74       0x44 bin/crtp.o
                0x08007a74                crtpSendPacket
 .text.crtpReset
                0x08007ab8       0x24 bin/crtp.o
                0x08007ab8                crtpReset
 .text.crtpIsConnected
                0x08007adc       0x14 bin/crtp.o
                0x08007adc                crtpIsConnected
 .text.crtpSetLink
                0x08007af0       0x30 bin/crtp.o
                0x08007af0                crtpSetLink
 .text.updateActive
                0x08007b20       0x3c bin/ledseq.o
 .text.runLedseq
                0x08007b5c       0xd0 bin/ledseq.o
 .text.ledseqInit
                0x08007c2c       0x98 bin/ledseq.o
                0x08007c2c                ledseqInit
 .text.ledseqTest
                0x08007cc4       0x1c bin/ledseq.o
                0x08007cc4                ledseqTest
 .text.ledseqRun
                0x08007ce0       0x78 bin/ledseq.o
                0x08007ce0                ledseqRun
 .text.ledseqSetTimes
                0x08007d58        0x6 bin/ledseq.o
                0x08007d58                ledseqSetTimes
 *fill*         0x08007d5e        0x2 
 .text.ledseqStop
                0x08007d60       0x68 bin/ledseq.o
                0x08007d60                ledseqStop
 .text.vApplicationMallocFailedHook
                0x08007dc8       0x28 bin/freeRTOSdebug.o
                0x08007dc8                vApplicationMallocFailedHook
 .text.vApplicationStackOverflowHook
                0x08007df0       0x28 bin/freeRTOSdebug.o
                0x08007df0                vApplicationStackOverflowHook
 .text.systemLaunch
                0x08007e18       0x28 bin/system.o
                0x08007e18                systemLaunch
 .text.systemInit
                0x08007e40       0xd8 bin/system.o
                0x08007e40                systemInit
 .text.systemTest
                0x08007f18       0x20 bin/system.o
                0x08007f18                systemTest
 .text.systemStart
                0x08007f38       0x1c bin/system.o
                0x08007f38                systemStart
 .text.systemTask
                0x08007f54       0xe8 bin/system.o
 .text.systemWaitStart
                0x0800803c       0x38 bin/system.o
                0x0800803c                systemWaitStart
 .text.systemSetCanFly
                0x08008074        0xc bin/system.o
                0x08008074                systemSetCanFly
 .text.vApplicationIdleHook
                0x08008080       0x38 bin/system.o
                0x08008080                vApplicationIdleHook
 .text.commInit
                0x080080b8       0x34 bin/comm.o
                0x080080b8                commInit
 .text.commTest
                0x080080ec       0x34 bin/comm.o
                0x080080ec                commTest
 .text.consoleSendMessage
                0x08008120       0x1c bin/console.o
 .text.consoleInit
                0x0800813c       0x3c bin/console.o
                0x0800813c                consoleInit
 .text.consoleTest
                0x08008178        0xc bin/console.o
                0x08008178                consoleTest
 .text.consolePutchar
                0x08008184       0x84 bin/console.o
                0x08008184                consolePutchar
 .text.pidInit  0x08008208       0x30 bin/pid.o
                0x08008208                pidInit
 .text.pidUpdate
                0x08008238       0x88 bin/pid.o
                0x08008238                pidUpdate
 .text.pidSetIntegralLimit
                0x080082c0        0x6 bin/pid.o
                0x080082c0                pidSetIntegralLimit
 .text.pidReset
                0x080082c6        0xc bin/pid.o
                0x080082c6                pidReset
 .text.pidSetError
                0x080082d2        0x6 bin/pid.o
                0x080082d2                pidSetError
 .text.pidSetDesired
                0x080082d8        0x6 bin/pid.o
                0x080082d8                pidSetDesired
 *fill*         0x080082de        0x2 
 .text.crtpserviceHandler
                0x080082e0       0x38 bin/crtpservice.o
                0x080082e0                crtpserviceHandler
 .text.crtpserviceInit
                0x08008318       0x20 bin/crtpservice.o
                0x08008318                crtpserviceInit
 .text.crtpserviceTest
                0x08008338        0xc bin/crtpservice.o
                0x08008338                crtpserviceTest
 .text.variableGetIndex
                0x08008344       0x38 bin/param.o
 .text.paramInit
                0x0800837c       0x8c bin/param.o
                0x0800837c                paramInit
 .text.paramTest
                0x08008408        0xc bin/param.o
                0x08008408                paramTest
 .text.paramTOCProcess
                0x08008414       0xf0 bin/param.o
                0x08008414                paramTOCProcess
 .text.paramTask
                0x08008504      0x224 bin/param.o
 .text.memTask  0x08008728      0x1a4 bin/mem.o
 .text.memInit  0x080088cc       0x44 bin/mem.o
                0x080088cc                memInit
 .text.memTest  0x08008910        0xc bin/mem.o
                0x08008910                memTest
 .text.commanderCrtpCB
                0x0800891c       0x54 bin/commander.o
 .text.commanderInit
                0x08008970       0x40 bin/commander.o
                0x08008970                commanderInit
 .text.commanderTest
                0x080089b0       0x10 bin/commander.o
                0x080089b0                commanderTest
 .text.commanderWatchdog
                0x080089c0       0x60 bin/commander.o
                0x080089c0                commanderWatchdog
 .text.commanderGetInactivityTime
                0x08008a20       0x14 bin/commander.o
                0x08008a20                commanderGetInactivityTime
 .text.commanderGetRPY
                0x08008a34       0x24 bin/commander.o
                0x08008a34                commanderGetRPY
 .text.commanderGetAltHold
                0x08008a58       0x6c bin/commander.o
                0x08008a58                commanderGetAltHold
 .text.commanderSetAltHoldMode
                0x08008ac4       0x2c bin/commander.o
                0x08008ac4                commanderSetAltHoldMode
 .text.commanderGetRPYType
                0x08008af0       0x20 bin/commander.o
                0x08008af0                commanderGetRPYType
 .text.commanderGetThrust
                0x08008b10       0x3c bin/commander.o
                0x08008b10                commanderGetThrust
 .text.commanderGetYawMode
                0x08008b4c        0xc bin/commander.o
                0x08008b4c                commanderGetYawMode
 .text.commanderGetYawModeCarefreeResetFront
                0x08008b58        0xc bin/commander.o
                0x08008b58                commanderGetYawModeCarefreeResetFront
 .text.controllerInit
                0x08008b64      0x124 bin/controller.o
                0x08008b64                controllerInit
 .text.controllerTest
                0x08008c88        0xc bin/controller.o
                0x08008c88                controllerTest
 .text.controllerCorrectRatePID
                0x08008c94      0x128 bin/controller.o
                0x08008c94                controllerCorrectRatePID
 .text.controllerCorrectAttitudePID
                0x08008dbc       0xbc bin/controller.o
                0x08008dbc                controllerCorrectAttitudePID
 .text.controllerResetAllPID
                0x08008e78       0x44 bin/controller.o
                0x08008e78                controllerResetAllPID
 .text.controllerGetActuatorOutput
                0x08008ebc       0x20 bin/controller.o
                0x08008ebc                controllerGetActuatorOutput
 .text.sensfusion6Init
                0x08008edc       0x10 bin/sensfusion6.o
                0x08008edc                sensfusion6Init
 .text.sensfusion6Test
                0x08008eec        0xc bin/sensfusion6.o
                0x08008eec                sensfusion6Test
 .text.sensfusion6UpdateQ
                0x08008ef8      0x234 bin/sensfusion6.o
                0x08008ef8                sensfusion6UpdateQ
 .text.sensfusion6GetEulerRPY
                0x0800912c       0xf8 bin/sensfusion6.o
                0x0800912c                sensfusion6GetEulerRPY
 .text.sensfusion6GetAccZWithoutGravity
                0x08009224       0x6c bin/sensfusion6.o
                0x08009224                sensfusion6GetAccZWithoutGravity
 .text.deadband
                0x08009290       0x30 bin/stabilizer.o
 .text.distributePower
                0x080092c0       0x98 bin/stabilizer.o
 .text.stabilizerTask
                0x08009358      0x74c bin/stabilizer.o
 .text.stabilizerInit
                0x08009aa4       0x6c bin/stabilizer.o
                0x08009aa4                stabilizerInit
 .text.stabilizerTest
                0x08009b10       0x1e bin/stabilizer.o
                0x08009b10                stabilizerTest
 *fill*         0x08009b2e        0x2 
 .text.logDeleteBlock
                0x08009b30       0x70 bin/log.o
 .text.logStopBlock
                0x08009ba0       0x3c bin/log.o
 .text.logReset
                0x08009bdc       0x58 bin/log.o
 .text.logBlockTimed
                0x08009c34       0x18 bin/log.o
                0x08009c34                logBlockTimed
 .text.logAppendBlock.constprop.5
                0x08009c4c      0x128 bin/log.o
 .text.logTask  0x08009d74      0x268 bin/log.o
 .text.logRunBlock
                0x08009fdc      0x14c bin/log.o
                0x08009fdc                logRunBlock
 .text.logInit  0x0800a128       0xb4 bin/log.o
                0x0800a128                logInit
 .text.logGetVarId
                0x0800a1dc       0x58 bin/log.o
                0x0800a1dc                logGetVarId
 .text.logGetInt
                0x0800a234       0x74 bin/log.o
                0x0800a234                logGetInt
 .text.logGetFloat
                0x0800a2a8       0x48 bin/log.o
                0x0800a2a8                logGetFloat
 .text.workerInit
                0x0800a2f0       0x18 bin/worker.o
                0x0800a2f0                workerInit
 .text.workerTest
                0x0800a308       0x10 bin/worker.o
                0x0800a308                workerTest
 .text.workerLoop
                0x0800a318       0x2c bin/worker.o
                0x0800a318                workerLoop
 .text.workerSchedule
                0x0800a344       0x2c bin/worker.o
                0x0800a344                workerSchedule
 .text.triggerInit
                0x0800a370       0x14 bin/trigger.o
                0x0800a370                triggerInit
 .text.triggerActivate
                0x0800a384        0xc bin/trigger.o
                0x0800a384                triggerActivate
 .text.triggerReset
                0x0800a390        0xa bin/trigger.o
                0x0800a390                triggerReset
 .text.triggerTestValue
                0x0800a39a       0x74 bin/trigger.o
                0x0800a39a                triggerTestValue
 *fill*         0x0800a40e        0x2 
 .text.sitAwFFInit
                0x0800a410       0x28 bin/sitaw.o
                0x0800a410                sitAwFFInit
 .text.sitAwFFTest
                0x0800a438       0x5c bin/sitaw.o
                0x0800a438                sitAwFFTest
 .text.sitAwFFDetected
                0x0800a494        0xc bin/sitaw.o
                0x0800a494                sitAwFFDetected
 .text.sitAwARInit
                0x0800a4a0       0x28 bin/sitaw.o
                0x0800a4a0                sitAwARInit
 .text.sitAwARTest
                0x0800a4c8       0x74 bin/sitaw.o
                0x0800a4c8                sitAwARTest
 .text.sitAwARDetected
                0x0800a53c        0xc bin/sitaw.o
                0x0800a53c                sitAwARDetected
 .text.sitAwTuInit
                0x0800a548       0x28 bin/sitaw.o
                0x0800a548                sitAwTuInit
 .text.sitAwTuTest
                0x0800a570       0x20 bin/sitaw.o
                0x0800a570                sitAwTuTest
 .text.sitAwTuDetected
                0x0800a590        0xc bin/sitaw.o
                0x0800a590                sitAwTuDetected
 .text.sitAwInit
                0x0800a59c       0x12 bin/sitaw.o
                0x0800a59c                sitAwInit
 .text.iirLPFilterSingle
                0x0800a5ae       0x2c bin/filter.o
                0x0800a5ae                iirLPFilterSingle
 *fill*         0x0800a5da        0x2 
 .text.assertFail
                0x0800a5dc       0x40 bin/cfassert.o
                0x0800a5dc                assertFail
 .text.printAssertSnapshotData
                0x0800a61c       0x30 bin/cfassert.o
                0x0800a61c                printAssertSnapshotData
 .text.get_int_len
                0x0800a64c       0x14 bin/eprintf.o
                0x0800a64c                get_int_len
 .text.itoa     0x0800a660       0xb8 bin/eprintf.o
 .text.evprintf
                0x0800a718      0x140 bin/eprintf.o
                0x0800a718                evprintf
 .text.eprintf  0x0800a858       0x1a bin/eprintf.o
                0x0800a858                eprintf
 *fill*         0x0800a872        0x2 
 .text.crcSlow  0x0800a874       0x6c bin/crc.o
                0x0800a874                crcSlow
 .text.single2half
                0x0800a8e0       0x54 bin/fp16.o
                0x0800a8e0                single2half
 .text.Reset_Handler
                0x0800a934       0x44 bin/startup_stm32f40xx.o
                0x0800a934                Reset_Handler
 .text.Default_Handler
                0x0800a978        0x2 bin/startup_stm32f40xx.o
                0x0800a978                RTC_Alarm_IRQHandler
                0x0800a978                HASH_RNG_IRQHandler
                0x0800a978                EXTI2_IRQHandler
                0x0800a978                TIM8_CC_IRQHandler
                0x0800a978                TIM1_CC_IRQHandler
                0x0800a978                DMA2_Stream5_IRQHandler
                0x0800a978                PVD_IRQHandler
                0x0800a978                SDIO_IRQHandler
                0x0800a978                TAMP_STAMP_IRQHandler
                0x0800a978                CAN2_RX1_IRQHandler
                0x0800a978                EXTI3_IRQHandler
                0x0800a978                TIM8_TRG_COM_TIM14_IRQHandler
                0x0800a978                TIM1_UP_TIM10_IRQHandler
                0x0800a978                TIM8_UP_TIM13_IRQHandler
                0x0800a978                EXTI0_IRQHandler
                0x0800a978                CAN1_RX0_IRQHandler
                0x0800a978                FPU_IRQHandler
                0x0800a978                OTG_HS_WKUP_IRQHandler
                0x0800a978                CAN2_SCE_IRQHandler
                0x0800a978                DMA2_Stream2_IRQHandler
                0x0800a978                SPI1_IRQHandler
                0x0800a978                TIM6_DAC_IRQHandler
                0x0800a978                TIM1_BRK_TIM9_IRQHandler
                0x0800a978                DCMI_IRQHandler
                0x0800a978                CAN2_RX0_IRQHandler
                0x0800a978                DMA2_Stream3_IRQHandler
                0x0800a978                USART3_IRQHandler
                0x0800a978                CRYP_IRQHandler
                0x0800a978                CAN1_RX1_IRQHandler
                0x0800a978                UART5_IRQHandler
                0x0800a978                DMA2_Stream0_IRQHandler
                0x0800a978                TIM4_IRQHandler
                0x0800a978                DMA1_Stream1_IRQHandler
                0x0800a978                TIM3_IRQHandler
                0x0800a978                RCC_IRQHandler
                0x0800a978                TIM8_BRK_TIM12_IRQHandler
                0x0800a978                Default_Handler
                0x0800a978                ADC_IRQHandler
                0x0800a978                TIM7_IRQHandler
                0x0800a978                CAN2_TX_IRQHandler
                0x0800a978                TIM5_IRQHandler
                0x0800a978                EXTI9_5_IRQHandler
                0x0800a978                RTC_WKUP_IRQHandler
                0x0800a978                ETH_WKUP_IRQHandler
                0x0800a978                SPI2_IRQHandler
                0x0800a978                OTG_HS_EP1_IN_IRQHandler
                0x0800a978                CAN1_TX_IRQHandler
                0x0800a978                FSMC_IRQHandler
                0x0800a978                ETH_IRQHandler
                0x0800a978                OTG_HS_EP1_OUT_IRQHandler
                0x0800a978                WWDG_IRQHandler
                0x0800a978                TIM2_IRQHandler
                0x0800a978                OTG_FS_WKUP_IRQHandler
                0x0800a978                TIM1_TRG_COM_TIM11_IRQHandler
                0x0800a978                OTG_HS_IRQHandler
                0x0800a978                EXTI1_IRQHandler
                0x0800a978                DMA2_Stream1_IRQHandler
                0x0800a978                CAN1_SCE_IRQHandler
                0x0800a978                FLASH_IRQHandler
                0x0800a978                DMA2_Stream4_IRQHandler
                0x0800a978                USART1_IRQHandler
                0x0800a978                SPI3_IRQHandler
                0x0800a978                DMA2_Stream6_IRQHandler
 *fill*         0x0800a97a        0x2 
 .text.SystemInit
                0x0800a97c       0xf0 bin/system_stm32f4xx.o
                0x0800a97c                SystemInit
 .text.CPAL_HAL_NVICInit
                0x0800aa6c        0x8 bin/cpal_hal.o
                0x0800aa6c                CPAL_HAL_NVICInit
 .text.CPAL_I2C_Timeout
                0x0800aa74       0x12 bin/cpal_i2c.o
 *fill*         0x0800aa86        0x2 
 .text.CPAL_I2C_Init
                0x0800aa88      0x104 bin/cpal_i2c.o
                0x0800aa88                CPAL_I2C_Init
 .text.CPAL_I2C_StructInit
                0x0800ab8c       0x48 bin/cpal_i2c.o
                0x0800ab8c                CPAL_I2C_StructInit
 .text.CPAL_I2C_ER_IRQHandler
                0x0800abd4      0x110 bin/cpal_i2c.o
                0x0800abd4                CPAL_I2C_ER_IRQHandler
 .text.CPAL_I2C_DMA_TX_IRQHandler
                0x0800ace4      0x180 bin/cpal_i2c.o
                0x0800ace4                CPAL_I2C_DMA_TX_IRQHandler
 .text.CPAL_I2C_DMA_RX_IRQHandler
                0x0800ae64      0x168 bin/cpal_i2c.o
                0x0800ae64                CPAL_I2C_DMA_RX_IRQHandler
 .text.tickI2C  0x0800afcc       0x48 bin/cpal_i2c.o
                0x0800afcc                tickI2C
 .text.CPAL_I2C_Enable_DMA_IT
                0x0800b014       0xc8 bin/cpal_i2c.o
                0x0800b014                CPAL_I2C_Enable_DMA_IT
 .text.CPAL_I2C_Write
                0x0800b0dc       0xac bin/cpal_i2c.o
                0x0800b0dc                CPAL_I2C_Write
 .text.CPAL_I2C_Read
                0x0800b188      0x244 bin/cpal_i2c.o
                0x0800b188                CPAL_I2C_Read
 .text.CPAL_I2C_EV_IRQHandler
                0x0800b3cc      0x4fc bin/cpal_i2c.o
                0x0800b3cc                CPAL_I2C_EV_IRQHandler
 .text.CPAL_I2C_HAL_CLKInit
                0x0800b8c8       0x28 bin/cpal_i2c_hal_stm32f4xx.o
                0x0800b8c8                CPAL_I2C_HAL_CLKInit
 .text.CPAL_I2C_HAL_CLKDeInit
                0x0800b8f0       0x28 bin/cpal_i2c_hal_stm32f4xx.o
                0x0800b8f0                CPAL_I2C_HAL_CLKDeInit
 .text.CPAL_I2C_HAL_GPIOInit
                0x0800b918       0xc0 bin/cpal_i2c_hal_stm32f4xx.o
                0x0800b918                CPAL_I2C_HAL_GPIOInit
 .text.CPAL_I2C_HAL_GPIODeInit
                0x0800b9d8       0x50 bin/cpal_i2c_hal_stm32f4xx.o
                0x0800b9d8                CPAL_I2C_HAL_GPIODeInit
 .text.CPAL_I2C_HAL_DMAInit
                0x0800ba28       0x90 bin/cpal_i2c_hal_stm32f4xx.o
                0x0800ba28                CPAL_I2C_HAL_DMAInit
 .text.CPAL_I2C_HAL_DMATXConfig
                0x0800bab8       0x4c bin/cpal_i2c_hal_stm32f4xx.o
                0x0800bab8                CPAL_I2C_HAL_DMATXConfig
 .text.CPAL_I2C_HAL_DMARXConfig
                0x0800bb04       0x4c bin/cpal_i2c_hal_stm32f4xx.o
                0x0800bb04                CPAL_I2C_HAL_DMARXConfig
 .text.CPAL_I2C_HAL_DMADeInit
                0x0800bb50       0x30 bin/cpal_i2c_hal_stm32f4xx.o
                0x0800bb50                CPAL_I2C_HAL_DMADeInit
 .text.CPAL_I2C_HAL_ITInit
                0x0800bb80      0x140 bin/cpal_i2c_hal_stm32f4xx.o
                0x0800bb80                CPAL_I2C_HAL_ITInit
 .text.I2C1_EV_IRQHandler
                0x0800bcc0        0xc bin/cpal_i2c_hal_stm32f4xx.o
                0x0800bcc0                I2C1_EV_IRQHandler
 .text.I2C1_ER_IRQHandler
                0x0800bccc       0x10 bin/cpal_i2c_hal_stm32f4xx.o
                0x0800bccc                I2C1_ER_IRQHandler
 .text.DMA1_Stream6_IRQHandler
                0x0800bcdc        0xc bin/cpal_i2c_hal_stm32f4xx.o
                0x0800bcdc                DMA1_Stream6_IRQHandler
 .text.DMA1_Stream0_IRQHandler
                0x0800bce8        0xc bin/cpal_i2c_hal_stm32f4xx.o
                0x0800bce8                DMA1_Stream0_IRQHandler
 .text.I2C2_EV_IRQHandler
                0x0800bcf4        0xc bin/cpal_i2c_hal_stm32f4xx.o
                0x0800bcf4                I2C2_EV_IRQHandler
 .text.I2C2_ER_IRQHandler
                0x0800bd00       0x10 bin/cpal_i2c_hal_stm32f4xx.o
                0x0800bd00                I2C2_ER_IRQHandler
 .text.DMA1_Stream7_IRQHandler
                0x0800bd10        0xc bin/cpal_i2c_hal_stm32f4xx.o
                0x0800bd10                DMA1_Stream7_IRQHandler
 .text.DMA1_Stream3_IRQHandler
                0x0800bd1c        0xc bin/cpal_i2c_hal_stm32f4xx.o
                0x0800bd1c                DMA1_Stream3_IRQHandler
 .text.I2C3_EV_IRQHandler
                0x0800bd28        0xc bin/cpal_i2c_hal_stm32f4xx.o
                0x0800bd28                I2C3_EV_IRQHandler
 .text.I2C3_ER_IRQHandler
                0x0800bd34       0x10 bin/cpal_i2c_hal_stm32f4xx.o
                0x0800bd34                I2C3_ER_IRQHandler
 .text.DMA1_Stream4_IRQHandler
                0x0800bd44        0xc bin/cpal_i2c_hal_stm32f4xx.o
                0x0800bd44                DMA1_Stream4_IRQHandler
 .text.DMA1_Stream2_IRQHandler
                0x0800bd50        0xc bin/cpal_i2c_hal_stm32f4xx.o
                0x0800bd50                DMA1_Stream2_IRQHandler
 .text.USB_OTG_CoreReset.isra.1
                0x0800bd5c       0x50 bin/usb_core.o
 .text.USB_OTG_WritePacket
                0x0800bdac       0x26 bin/usb_core.o
                0x0800bdac                USB_OTG_WritePacket
 .text.USB_OTG_ReadPacket
                0x0800bdd2       0x20 bin/usb_core.o
                0x0800bdd2                USB_OTG_ReadPacket
 *fill*         0x0800bdf2        0x2 
 .text.USB_OTG_SelectCore
                0x0800bdf4       0xcc bin/usb_core.o
                0x0800bdf4                USB_OTG_SelectCore
 .text.USB_OTG_CoreInit
                0x0800bec0       0x92 bin/usb_core.o
                0x0800bec0                USB_OTG_CoreInit
 .text.USB_OTG_EnableGlobalInt
                0x0800bf52        0xe bin/usb_core.o
                0x0800bf52                USB_OTG_EnableGlobalInt
 .text.USB_OTG_DisableGlobalInt
                0x0800bf60        0xe bin/usb_core.o
                0x0800bf60                USB_OTG_DisableGlobalInt
 *fill*         0x0800bf6e        0x2 
 .text.USB_OTG_FlushTxFifo
                0x0800bf70       0x48 bin/usb_core.o
                0x0800bf70                USB_OTG_FlushTxFifo
 .text.USB_OTG_FlushRxFifo
                0x0800bfb8       0x38 bin/usb_core.o
                0x0800bfb8                USB_OTG_FlushRxFifo
 .text.USB_OTG_SetCurrentMode
                0x0800bff0       0x2a bin/usb_core.o
                0x0800bff0                USB_OTG_SetCurrentMode
 .text.USB_OTG_IsDeviceMode
                0x0800c01a        0xe bin/usb_core.o
                0x0800c01a                USB_OTG_IsDeviceMode
 .text.USB_OTG_ReadCoreItr
                0x0800c028        0xa bin/usb_core.o
                0x0800c028                USB_OTG_ReadCoreItr
 .text.USB_OTG_InitDevSpeed
                0x0800c032        0xc bin/usb_core.o
                0x0800c032                USB_OTG_InitDevSpeed
 *fill*         0x0800c03e        0x2 
 .text.USB_OTG_EnableDevInt
                0x0800c040       0x48 bin/usb_core.o
                0x0800c040                USB_OTG_EnableDevInt
 .text.USB_OTG_CoreInitDev
                0x0800c088      0x114 bin/usb_core.o
                0x0800c088                USB_OTG_CoreInitDev
 .text.USB_OTG_GetDeviceSpeed
                0x0800c19c       0x20 bin/usb_core.o
                0x0800c19c                USB_OTG_GetDeviceSpeed
 .text.USB_OTG_EP0Activate
                0x0800c1bc       0x2a bin/usb_core.o
                0x0800c1bc                USB_OTG_EP0Activate
 .text.USB_OTG_EPActivate
                0x0800c1e6       0x5e bin/usb_core.o
                0x0800c1e6                USB_OTG_EPActivate
 .text.USB_OTG_EPDeactivate
                0x0800c244       0x46 bin/usb_core.o
                0x0800c244                USB_OTG_EPDeactivate
 .text.USB_OTG_EPStartXfer
                0x0800c28a      0x108 bin/usb_core.o
                0x0800c28a                USB_OTG_EPStartXfer
 .text.USB_OTG_EP0StartXfer
                0x0800c392       0xde bin/usb_core.o
                0x0800c392                USB_OTG_EP0StartXfer
 .text.USB_OTG_EPSetStall
                0x0800c470       0x28 bin/usb_core.o
                0x0800c470                USB_OTG_EPSetStall
 .text.USB_OTG_EPClearStall
                0x0800c498       0x2a bin/usb_core.o
                0x0800c498                USB_OTG_EPClearStall
 .text.USB_OTG_ReadDevAllOutEp_itr
                0x0800c4c2        0xc bin/usb_core.o
                0x0800c4c2                USB_OTG_ReadDevAllOutEp_itr
 .text.USB_OTG_ReadDevOutEP_itr
                0x0800c4ce       0x10 bin/usb_core.o
                0x0800c4ce                USB_OTG_ReadDevOutEP_itr
 .text.USB_OTG_ReadDevAllInEPItr
                0x0800c4de        0xc bin/usb_core.o
                0x0800c4de                USB_OTG_ReadDevAllInEPItr
 .text.USB_OTG_EP0_OutStart
                0x0800c4ea       0x42 bin/usb_core.o
                0x0800c4ea                USB_OTG_EP0_OutStart
 .text.USBD_OTG_ISR_Handler
                0x0800c52c      0x46c bin/usb_dcd_int.o
                0x0800c52c                USBD_OTG_ISR_Handler
 .text.OTG_FS_IRQHandler
                0x0800c998        0xc bin/usb_dcd_int.o
                0x0800c998                OTG_FS_IRQHandler
 .text.DCD_Init
                0x0800c9a4       0x9e bin/usb_dcd.o
                0x0800c9a4                DCD_Init
 .text.DCD_EP_Open
                0x0800ca42       0x42 bin/usb_dcd.o
                0x0800ca42                DCD_EP_Open
 .text.DCD_EP_Close
                0x0800ca84       0x30 bin/usb_dcd.o
                0x0800ca84                DCD_EP_Close
 .text.DCD_EP_PrepareRx
                0x0800cab4       0x4e bin/usb_dcd.o
                0x0800cab4                DCD_EP_PrepareRx
 .text.DCD_EP_Tx
                0x0800cb02       0x40 bin/usb_dcd.o
                0x0800cb02                DCD_EP_Tx
 .text.DCD_EP_Stall
                0x0800cb42       0x34 bin/usb_dcd.o
                0x0800cb42                DCD_EP_Stall
 .text.DCD_EP_ClrStall
                0x0800cb76       0x34 bin/usb_dcd.o
                0x0800cb76                DCD_EP_ClrStall
 .text.DCD_EP_SetAddress
                0x0800cbaa       0x12 bin/usb_dcd.o
                0x0800cbaa                DCD_EP_SetAddress
 .text.USBD_CtlSendData
                0x0800cbbc       0x22 bin/usbd_ioreq.o
                0x0800cbbc                USBD_CtlSendData
 .text.USBD_CtlContinueSendData
                0x0800cbde       0x12 bin/usbd_ioreq.o
                0x0800cbde                USBD_CtlContinueSendData
 .text.USBD_CtlContinueRx
                0x0800cbf0       0x12 bin/usbd_ioreq.o
                0x0800cbf0                USBD_CtlContinueRx
 .text.USBD_CtlSendStatus
                0x0800cc02       0x1e bin/usbd_ioreq.o
                0x0800cc02                USBD_CtlSendStatus
 .text.USBD_CtlReceiveStatus
                0x0800cc20       0x1e bin/usbd_ioreq.o
                0x0800cc20                USBD_CtlReceiveStatus
 .text.USBD_ParseSetupRequest
                0x0800cc3e       0x44 bin/usbd_req.o
                0x0800cc3e                USBD_ParseSetupRequest
 .text.USBD_CtlError
                0x0800cc82       0x1c bin/usbd_req.o
                0x0800cc82                USBD_CtlError
 *fill*         0x0800cc9e        0x2 
 .text.USBD_StdDevReq
                0x0800cca0      0x258 bin/usbd_req.o
                0x0800cca0                USBD_StdDevReq
 .text.USBD_StdItfReq
                0x0800cef8       0x30 bin/usbd_req.o
                0x0800cef8                USBD_StdItfReq
 .text.USBD_StdEPReq
                0x0800cf28       0xc0 bin/usbd_req.o
                0x0800cf28                USBD_StdEPReq
 .text.USBD_GetString
                0x0800cfe8       0x3a bin/usbd_req.o
                0x0800cfe8                USBD_GetString
 .text.USBD_Resume
                0x0800d022       0x16 bin/usbd_core.o
 .text.USBD_Suspend
                0x0800d038       0x1c bin/usbd_core.o
 .text.USBD_SOF
                0x0800d054       0x10 bin/usbd_core.o
 .text.USBD_IsoINIncomplete
                0x0800d064        0xe bin/usbd_core.o
 .text.USBD_IsoOUTIncomplete
                0x0800d072        0xe bin/usbd_core.o
 .text.USBD_Reset
                0x0800d080       0x2e bin/usbd_core.o
 .text.USBD_SetupStage
                0x0800d0ae       0x4a bin/usbd_core.o
 .text.USBD_DataInStage
                0x0800d0f8       0xb8 bin/usbd_core.o
 .text.USBD_DataOutStage
                0x0800d1b0       0x76 bin/usbd_core.o
 .text.USBD_Init
                0x0800d226       0x38 bin/usbd_core.o
                0x0800d226                USBD_Init
 .text.USBD_SetCfg
                0x0800d25e       0x18 bin/usbd_core.o
                0x0800d25e                USBD_SetCfg
 .text.USBD_ClrCfg
                0x0800d276        0xe bin/usbd_core.o
                0x0800d276                USBD_ClrCfg
 .text.platformInit
                0x0800d284        0xa bin/platform_cf2.o
                0x0800d284                platformInit
 *fill*         0x0800d28e        0x2 
 .text.ledSet.part.0
                0x0800d290       0x38 bin/led_f405.o
 .text.ledSet   0x0800d2c8        0xa bin/led_f405.o
                0x0800d2c8                ledSet
 *fill*         0x0800d2d2        0x2 
 .text.ledInit  0x0800d2d4       0x58 bin/led_f405.o
                0x0800d2d4                ledInit
 .text.ledClearAll
                0x0800d32c       0x14 bin/led_f405.o
                0x0800d32c                ledClearAll
 .text.ledTest  0x0800d340       0x64 bin/led_f405.o
                0x0800d340                ledTest
 .text.mpu6500Init
                0x0800d3a4       0x24 bin/mpu6500.o
                0x0800d3a4                mpu6500Init
 .text.mpu6500EvaluateSelfTest
                0x0800d3c8       0x6c bin/mpu6500.o
                0x0800d3c8                mpu6500EvaluateSelfTest
 .text.mpu6500SelfTest
                0x0800d434      0x464 bin/mpu6500.o
                0x0800d434                mpu6500SelfTest
 .text.mpu6500SetRate
                0x0800d898       0x18 bin/mpu6500.o
                0x0800d898                mpu6500SetRate
 .text.mpu6500SetDLPFMode
                0x0800d8b0       0x28 bin/mpu6500.o
                0x0800d8b0                mpu6500SetDLPFMode
 .text.mpu6500SetFullScaleGyroRange
                0x0800d8d8       0x28 bin/mpu6500.o
                0x0800d8d8                mpu6500SetFullScaleGyroRange
 .text.mpu6500SetFullScaleAccelRange
                0x0800d900       0x28 bin/mpu6500.o
                0x0800d900                mpu6500SetFullScaleAccelRange
 .text.mpu6500SetI2CBypassEnabled
                0x0800d928       0x24 bin/mpu6500.o
                0x0800d928                mpu6500SetI2CBypassEnabled
 .text.mpu6500SetIntEnabled
                0x0800d94c       0x18 bin/mpu6500.o
                0x0800d94c                mpu6500SetIntEnabled
 .text.mpu6500GetMotion6
                0x0800d964       0x74 bin/mpu6500.o
                0x0800d964                mpu6500GetMotion6
 .text.mpu6500Reset
                0x0800d9d8       0x24 bin/mpu6500.o
                0x0800d9d8                mpu6500Reset
 .text.mpu6500SetSleepEnabled
                0x0800d9fc       0x24 bin/mpu6500.o
                0x0800d9fc                mpu6500SetSleepEnabled
 .text.mpu6500SetTempSensorEnabled
                0x0800da20       0x28 bin/mpu6500.o
                0x0800da20                mpu6500SetTempSensorEnabled
 .text.mpu6500SetClockSource
                0x0800da48       0x28 bin/mpu6500.o
                0x0800da48                mpu6500SetClockSource
 .text.mpu6500GetDeviceID
                0x0800da70       0x2c bin/mpu6500.o
                0x0800da70                mpu6500GetDeviceID
 .text.mpu6500TestConnection
                0x0800da9c       0x10 bin/mpu6500.o
                0x0800da9c                mpu6500TestConnection
 .text.getSemaphore
                0x0800daac       0x58 bin/i2cdev_f405.o
 .text.i2cDevTakeSemaphore
                0x0800db04       0x14 bin/i2cdev_f405.o
 .text.i2cDevGiveSemaphore
                0x0800db18       0x3c bin/i2cdev_f405.o
 .text.i2cdevReadTransfer.part.1
                0x0800db54       0x2c bin/i2cdev_f405.o
 .text.i2cdevWriteTransfer.part.2
                0x0800db80       0x2c bin/i2cdev_f405.o
 .text.i2cdevRuffLoopDelay.constprop.3
                0x0800dbac       0x14 bin/i2cdev_f405.o
 .text.i2cdevInit
                0x0800dbc0       0x98 bin/i2cdev_f405.o
                0x0800dbc0                i2cdevInit
 .text.i2cdevRead
                0x0800dc58       0x48 bin/i2cdev_f405.o
                0x0800dc58                i2cdevRead
 .text.i2cdevReadByte
                0x0800dca0       0x10 bin/i2cdev_f405.o
                0x0800dca0                i2cdevReadByte
 .text.i2cdevReadBits
                0x0800dcb0       0x2e bin/i2cdev_f405.o
                0x0800dcb0                i2cdevReadBits
 .text.i2cdevReadBit
                0x0800dcde       0x22 bin/i2cdev_f405.o
                0x0800dcde                i2cdevReadBit
 .text.i2cdevRead16
                0x0800dd00       0x3a bin/i2cdev_f405.o
                0x0800dd00                i2cdevRead16
 .text.i2cdevWrite
                0x0800dd3a       0x4c bin/i2cdev_f405.o
                0x0800dd3a                i2cdevWrite
 .text.i2cdevWriteByte
                0x0800dd86       0x14 bin/i2cdev_f405.o
                0x0800dd86                i2cdevWriteByte
 .text.i2cdevWriteBit
                0x0800dd9a       0x3c bin/i2cdev_f405.o
                0x0800dd9a                i2cdevWriteBit
 .text.i2cdevWriteBits
                0x0800ddd6       0x54 bin/i2cdev_f405.o
                0x0800ddd6                i2cdevWriteBits
 .text.i2cdevWrite16
                0x0800de2a       0x3a bin/i2cdev_f405.o
                0x0800de2a                i2cdevWrite16
 .text.i2cdevUnlockBus
                0x0800de64       0xb6 bin/i2cdev_f405.o
                0x0800de64                i2cdevUnlockBus
 *fill*         0x0800df1a        0x2 
 .text.CPAL_I2C_ERR_UserCallback
                0x0800df1c       0x24 bin/i2cdev_f405.o
                0x0800df1c                CPAL_I2C_ERR_UserCallback
 .text.CPAL_TIMEOUT_UserCallback
                0x0800df40       0x20 bin/i2cdev_f405.o
                0x0800df40                CPAL_TIMEOUT_UserCallback
 .text.CPAL_I2C_TXTC_UserCallback
                0x0800df60        0x6 bin/i2cdev_f405.o
                0x0800df60                CPAL_I2C_TXTC_UserCallback
 .text.CPAL_I2C_RXTC_UserCallback
                0x0800df66        0x6 bin/i2cdev_f405.o
                0x0800df66                CPAL_I2C_RXTC_UserCallback
 .text.fillLed  0x0800df6c       0x5c bin/ws2812_cf2.o
 .text.ws2812Init
                0x0800dfc8      0x158 bin/ws2812_cf2.o
                0x0800dfc8                ws2812Init
 .text.ws2812Send
                0x0800e120       0x84 bin/ws2812_cf2.o
                0x0800e120                ws2812Send
 .text.ws2812DmaIsr
                0x0800e1a4       0xc4 bin/ws2812_cf2.o
                0x0800e1a4                ws2812DmaIsr
 .text.lps25hInit
                0x0800e268       0x2c bin/lps25h.o
                0x0800e268                lps25hInit
 .text.lps25hTestConnection
                0x0800e294       0x40 bin/lps25h.o
                0x0800e294                lps25hTestConnection
 .text.lps25hEvaluateSelfTest
                0x0800e2d4       0x6c bin/lps25h.o
                0x0800e2d4                lps25hEvaluateSelfTest
 .text.lps25hSetEnabled
                0x0800e340       0x5c bin/lps25h.o
                0x0800e340                lps25hSetEnabled
 .text.lps25hPressureToAltitude
                0x0800e39c       0x54 bin/lps25h.o
                0x0800e39c                lps25hPressureToAltitude
 .text.lps25hGetData
                0x0800e3f0       0x8c bin/lps25h.o
                0x0800e3f0                lps25hGetData
 .text.lps25hSelfTest
                0x0800e47c       0x74 bin/lps25h.o
                0x0800e47c                lps25hSelfTest
 .text.ak8963EvaluateSelfTest
                0x0800e4f0       0x30 bin/ak8963.o
 .text.ak8963Init
                0x0800e520       0x14 bin/ak8963.o
                0x0800e520                ak8963Init
 .text.ak8963TestConnection
                0x0800e534       0x30 bin/ak8963.o
                0x0800e534                ak8963TestConnection
 .text.ak8963GetDataReady
                0x0800e564       0x30 bin/ak8963.o
                0x0800e564                ak8963GetDataReady
 .text.ak8963GetHeading
                0x0800e594       0x4c bin/ak8963.o
                0x0800e594                ak8963GetHeading
 .text.ak8963GetOverflowStatus
                0x0800e5e0       0x30 bin/ak8963.o
                0x0800e5e0                ak8963GetOverflowStatus
 .text.ak8963SetMode
                0x0800e610       0x18 bin/ak8963.o
                0x0800e610                ak8963SetMode
 .text.ak8963SetSelfTest
                0x0800e628       0x24 bin/ak8963.o
                0x0800e628                ak8963SetSelfTest
 .text.ak8963SelfTest
                0x0800e64c       0xd4 bin/ak8963.o
                0x0800e64c                ak8963SelfTest
 .text.eepromInit
                0x0800e720       0x24 bin/eeprom.o
                0x0800e720                eepromInit
 .text.eepromTestConnection
                0x0800e744       0x30 bin/eeprom.o
                0x0800e744                eepromTestConnection
 .text.eepromTest
                0x0800e774       0x28 bin/eeprom.o
                0x0800e774                eepromTest
 .text.eepromReadBuffer
                0x0800e79c       0x30 bin/eeprom.o
                0x0800e79c                eepromReadBuffer
 .text.eepromWriteBuffer
                0x0800e7cc       0x54 bin/eeprom.o
                0x0800e7cc                eepromWriteBuffer
 .text.piezoInit
                0x0800e820       0xf8 bin/piezo.o
                0x0800e820                piezoInit
 .text.piezoSetRatio
                0x0800e918       0x20 bin/piezo.o
                0x0800e918                piezoSetRatio
 .text.piezoSetFreq
                0x0800e938       0x18 bin/piezo.o
                0x0800e938                piezoSetFreq
 .text.mb_read_distance
                0x0800e950       0x4c bin/mb.o
                0x0800e950                mb_read_distance
 .text.uartDmaInit
                0x0800e99c       0x74 bin/uart_syslink.o
                0x0800e99c                uartDmaInit
 .text.uartInit
                0x0800ea10      0x144 bin/uart_syslink.o
                0x0800ea10                uartInit
 .text.uartGetDataWithTimout
                0x0800eb54       0x20 bin/uart_syslink.o
                0x0800eb54                uartGetDataWithTimout
 .text.uartSendData
                0x0800eb74       0x28 bin/uart_syslink.o
                0x0800eb74                uartSendData
 .text.uartPutchar
                0x0800eb9c       0x18 bin/uart_syslink.o
                0x0800eb9c                uartPutchar
 .text.uartSendDataDmaBlocking
                0x0800ebb4       0x84 bin/uart_syslink.o
                0x0800ebb4                uartSendDataDmaBlocking
 .text.uartDmaIsr
                0x0800ec38       0x58 bin/uart_syslink.o
                0x0800ec38                uartDmaIsr
 .text.uartIsr  0x0800ec90       0x9c bin/uart_syslink.o
                0x0800ec90                uartIsr
 .text.uartTxenFlowctrlIsr
                0x0800ed2c       0xb4 bin/uart_syslink.o
                0x0800ed2c                uartTxenFlowctrlIsr
 .text.EXTI4_IRQHandler
                0x0800ede0        0x4 bin/uart_syslink.o
                0x0800ede0                EXTI4_IRQHandler
 .text.USART2_IRQHandler
                0x0800ede4        0x4 bin/uart_syslink.o
                0x0800ede4                USART2_IRQHandler
 .text.UART4_IRQHandler
                0x0800ede8        0x4 bin/uart_syslink.o
                0x0800ede8                UART4_IRQHandler
 .text.USART6_IRQHandler
                0x0800edec        0x4 bin/uart_syslink.o
                0x0800edec                USART6_IRQHandler
 .text.DMA2_Stream7_IRQHandler
                0x0800edf0        0x4 bin/uart_syslink.o
                0x0800edf0                DMA2_Stream7_IRQHandler
 .text.watchdogNormalStartTest
                0x0800edf4       0x2c bin/watchdog.o
                0x0800edf4                watchdogNormalStartTest
 .text.watchdogInit
                0x0800ee20       0x22 bin/watchdog.o
                0x0800ee20                watchdogInit
 *fill*         0x0800ee42        0x2 
 .text.USB_OTG_BSP_Init
                0x0800ee44       0x90 bin/usb_bsp.o
                0x0800ee44                USB_OTG_BSP_Init
 .text.USB_OTG_BSP_EnableInterrupt
                0x0800eed4       0x2c bin/usb_bsp.o
                0x0800eed4                USB_OTG_BSP_EnableInterrupt
 .text.USB_OTG_BSP_uDelay
                0x0800ef00       0x14 bin/usb_bsp.o
                0x0800ef00                USB_OTG_BSP_uDelay
 .text.USB_OTG_BSP_mDelay
                0x0800ef14        0xa bin/usb_bsp.o
                0x0800ef14                USB_OTG_BSP_mDelay
 .text.usblinkSetEnable
                0x0800ef1e        0x4 bin/usblink.o
 *fill*         0x0800ef22        0x2 
 .text.usblinkTask
                0x0800ef24       0x3c bin/usblink.o
 .text.usblinkReceiveCRTPPacket
                0x0800ef60       0x2c bin/usblink.o
 .text.usblinkSendPacket
                0x0800ef8c       0x50 bin/usblink.o
 .text.usblinkInit
                0x0800efdc       0x4c bin/usblink.o
                0x0800efdc                usblinkInit
 .text.usblinkGetLink
                0x0800f028        0x8 bin/usblink.o
                0x0800f028                usblinkGetLink
 .text.USBD_USR_DeviceDescriptor
                0x0800f030        0xc bin/usbd_desc.o
                0x0800f030                USBD_USR_DeviceDescriptor
 .text.USBD_USR_LangIDStrDescriptor
                0x0800f03c        0xc bin/usbd_desc.o
                0x0800f03c                USBD_USR_LangIDStrDescriptor
 .text.USBD_USR_ManufacturerStrDescriptor
                0x0800f048       0x1c bin/usbd_desc.o
                0x0800f048                USBD_USR_ManufacturerStrDescriptor
 .text.USBD_USR_SerialStrDescriptor
                0x0800f064       0x54 bin/usbd_desc.o
                0x0800f064                USBD_USR_SerialStrDescriptor
 .text.USBD_USR_ProductStrDescriptor
                0x0800f0b8       0x24 bin/usbd_desc.o
                0x0800f0b8                USBD_USR_ProductStrDescriptor
 .text.USBD_USR_ConfigStrDescriptor
                0x0800f0dc       0x1c bin/usbd_desc.o
                0x0800f0dc                USBD_USR_ConfigStrDescriptor
 .text.USBD_USR_InterfaceStrDescriptor
                0x0800f0f8       0x24 bin/usbd_desc.o
                0x0800f0f8                USBD_USR_InterfaceStrDescriptor
 .text.usbd_cf_GetCfgDesc
                0x0800f11c        0xc bin/usb.o
 .text.USBD_USR_Init
                0x0800f128        0x2 bin/usb.o
                0x0800f128                USBD_USR_Init
 .text.USBD_USR_DeviceReset
                0x0800f12a        0x2 bin/usb.o
                0x0800f12a                USBD_USR_DeviceReset
 .text.USBD_USR_DeviceConfigured
                0x0800f12c        0x2 bin/usb.o
                0x0800f12c                USBD_USR_DeviceConfigured
 .text.USBD_USR_DeviceResumed
                0x0800f12e        0x2 bin/usb.o
                0x0800f12e                USBD_USR_DeviceResumed
 .text.USBD_USR_DeviceConnected
                0x0800f130        0x2 bin/usb.o
                0x0800f130                USBD_USR_DeviceConnected
 *fill*         0x0800f132        0x2 
 .text.usbd_cf_DataOut
                0x0800f134       0x40 bin/usb.o
 .text.USBD_USR_DeviceSuspended
                0x0800f174        0xe bin/usb.o
                0x0800f174                USBD_USR_DeviceSuspended
 .text.USBD_USR_DeviceDisconnected
                0x0800f182        0xe bin/usb.o
                0x0800f182                USBD_USR_DeviceDisconnected
 .text.usbd_cf_DeInit
                0x0800f190       0x16 bin/usb.o
 *fill*         0x0800f1a6        0x2 
 .text.usbd_cf_Init
                0x0800f1a8       0x30 bin/usb.o
 .text.usbd_cf_SOF
                0x0800f1d8       0x38 bin/usb.o
 .text.usbd_cf_DataIn
                0x0800f210       0x38 bin/usb.o
 .text.usbd_cf_Setup
                0x0800f248       0x24 bin/usb.o
 .text.usbInit  0x0800f26c       0x58 bin/usb.o
                0x0800f26c                usbInit
 .text.usbGetDataBlocking
                0x0800f2c4       0x20 bin/usb.o
                0x0800f2c4                usbGetDataBlocking
 .text.usbSendData
                0x0800f2e4       0x30 bin/usb.o
                0x0800f2e4                usbSendData
 .text.imu6Init
                0x0800f314      0x1a8 bin/imu_cf2.o
                0x0800f314                imu6Init
 .text.imu6Test
                0x0800f4bc       0x54 bin/imu_cf2.o
                0x0800f4bc                imu6Test
 .text.imu6Read
                0x0800f510      0x314 bin/imu_cf2.o
                0x0800f510                imu6Read
 .text.imu6ManufacturingTest
                0x0800f824      0x10c bin/imu_cf2.o
                0x0800f824                imu6ManufacturingTest
 .text.imu6IsCalibrated
                0x0800f930        0xc bin/imu_cf2.o
                0x0800f930                imu6IsCalibrated
 .text.imu9Read
                0x0800f93c       0x78 bin/imu_cf2.o
                0x0800f93c                imu9Read
 .text.imuHasBarometer
                0x0800f9b4        0xc bin/imu_cf2.o
                0x0800f9b4                imuHasBarometer
 .text.pmSetBatteryVoltage
                0x0800f9c0       0x3c bin/pm_f405.o
 .text.pmInit   0x0800f9fc       0x4c bin/pm_f405.o
                0x0800f9fc                pmInit
 .text.pmTest   0x0800fa48        0xc bin/pm_f405.o
                0x0800fa48                pmTest
 .text.pmGetBatteryVoltage
                0x0800fa54        0xc bin/pm_f405.o
                0x0800fa54                pmGetBatteryVoltage
 .text.pmSyslinkUpdate
                0x0800fa60       0x20 bin/pm_f405.o
                0x0800fa60                pmSyslinkUpdate
 .text.pmUpdateState
                0x0800fa80       0x40 bin/pm_f405.o
                0x0800fa80                pmUpdateState
 .text.pmTask   0x0800fac0      0x13c bin/pm_f405.o
                0x0800fac0                pmTask
 .text.pmIsDischarging
                0x0800fbfc       0x14 bin/pm_f405.o
                0x0800fbfc                pmIsDischarging
 .text.syslinkTask
                0x0800fc10      0x100 bin/syslink.o
 .text.syslinkInit
                0x0800fd10       0x58 bin/syslink.o
                0x0800fd10                syslinkInit
 .text.syslinkTest
                0x0800fd68        0xc bin/syslink.o
                0x0800fd68                syslinkTest
 .text.syslinkSendPacket
                0x0800fd74       0x94 bin/syslink.o
                0x0800fd74                syslinkSendPacket
 .text.radiolinkSetEnable
                0x0800fe08        0x4 bin/radiolink.o
 .text.radiolinkSendCRTPPacket
                0x0800fe0c       0x54 bin/radiolink.o
 .text.radiolinkReceiveCRTPPacket
                0x0800fe60       0x20 bin/radiolink.o
 .text.radiolinkTest
                0x0800fe80        0x4 bin/radiolink.o
                0x0800fe80                radiolinkTest
 .text.radiolinkSetChannel
                0x0800fe84       0x1e bin/radiolink.o
                0x0800fe84                radiolinkSetChannel
 .text.radiolinkSetDatarate
                0x0800fea2       0x20 bin/radiolink.o
                0x0800fea2                radiolinkSetDatarate
 .text.radiolinkSetAddress
                0x0800fec2       0x2e bin/radiolink.o
                0x0800fec2                radiolinkSetAddress
 .text.radiolinkInit
                0x0800fef0       0x6c bin/radiolink.o
                0x0800fef0                radiolinkInit
 .text.radiolinkSyslinkDispatch
                0x0800ff5c       0x68 bin/radiolink.o
                0x0800ff5c                radiolinkSyslinkDispatch
 .text.radiolinkGetLink
                0x0800ffc4        0x8 bin/radiolink.o
                0x0800ffc4                radiolinkGetLink
 .text.owSyslinkTransfer
                0x0800ffcc       0x80 bin/ow_syslink.o
 .text.owInit   0x0801004c       0x48 bin/ow_syslink.o
                0x0801004c                owInit
 .text.owSyslinkRecieve
                0x08010094       0x40 bin/ow_syslink.o
                0x08010094                owSyslinkRecieve
 .text.owScan   0x080100d4       0x44 bin/ow_syslink.o
                0x080100d4                owScan
 .text.owGetinfo
                0x08010118       0x58 bin/ow_syslink.o
                0x08010118                owGetinfo
 .text.owRead   0x08010170       0xc8 bin/ow_syslink.o
                0x08010170                owRead
 .text.owWrite  0x08010238       0xd0 bin/ow_syslink.o
                0x08010238                owWrite
 .text.platformserviceHandler
                0x08010308       0x74 bin/platformservice.o
                0x08010308                platformserviceHandler
 .text.platformserviceInit
                0x0801037c       0x20 bin/platformservice.o
                0x0801037c                platformserviceInit
 .text.platformserviceTest
                0x0801039c        0xc bin/platformservice.o
                0x0801039c                platformserviceTest
 .text.deckInit
                0x080103a8       0x3c bin/deck.o
                0x080103a8                deckInit
 .text.deckTest
                0x080103e4       0x4c bin/deck.o
                0x080103e4                deckTest
 .text.findType
                0x08010430       0x26 bin/deck_info.o
 *fill*         0x08010456        0x2 
 .text.deckCount
                0x08010458        0xc bin/deck_info.o
                0x08010458                deckCount
 .text.deckInfo
                0x08010464       0x1c bin/deck_info.o
                0x08010464                deckInfo
 .text.deckTlvHasElement
                0x08010480        0xc bin/deck_info.o
                0x08010480                deckTlvHasElement
 .text.deckTlvGetString
                0x0801048c       0x3c bin/deck_info.o
                0x0801048c                deckTlvGetString
 .text.printDeckInfo
                0x080104c8       0x90 bin/deck_info.o
                0x080104c8                printDeckInfo
 .text.deckInfoInit
                0x08010558      0x1d4 bin/deck_info.o
                0x08010558                deckInfoInit
 .text.deckdriversInit
                0x0801072c       0x40 bin/deck_drivers.o
 .text.deckDriverCount
                0x0801076c       0x10 bin/deck_drivers.o
                0x0801076c                deckDriverCount